Component: ARM Compiler 5.06 update 6 (build 750) Tool: armlink [4d35ed]

==============================================================================

Section Cross References

    startup_stm32f103xb.o(RESET) refers to startup_stm32f103xb.o(STACK) for __initial_sp
    startup_stm32f103xb.o(RESET) refers to startup_stm32f103xb.o(.text) for Reset_Handler
    startup_stm32f103xb.o(RESET) refers to stm32f1xx_it.o(i.NMI_Handler) for NMI_Handler
    startup_stm32f103xb.o(RESET) refers to stm32f1xx_it.o(i.HardFault_Handler) for HardFault_Handler
    startup_stm32f103xb.o(RESET) refers to stm32f1xx_it.o(i.MemManage_Handler) for MemManage_Handler
    startup_stm32f103xb.o(RESET) refers to stm32f1xx_it.o(i.BusFault_Handler) for BusFault_Handler
    startup_stm32f103xb.o(RESET) refers to stm32f1xx_it.o(i.UsageFault_Handler) for UsageFault_Handler
    startup_stm32f103xb.o(RESET) refers to stm32f1xx_it.o(i.SVC_Handler) for SVC_Handler
    startup_stm32f103xb.o(RESET) refers to stm32f1xx_it.o(i.DebugMon_Handler) for DebugMon_Handler
    startup_stm32f103xb.o(RESET) refers to stm32f1xx_it.o(i.PendSV_Handler) for PendSV_Handler
    startup_stm32f103xb.o(RESET) refers to stm32f1xx_it.o(i.SysTick_Handler) for SysTick_Handler
    startup_stm32f103xb.o(RESET) refers to usart.o(i.USART1_IRQHandler) for USART1_IRQHandler
    startup_stm32f103xb.o(RESET) refers to stm32f1xx_it.o(i.USART3_IRQHandler) for USART3_IRQHandler
    startup_stm32f103xb.o(.text) refers to system_stm32f1xx.o(i.SystemInit) for SystemInit
    startup_stm32f103xb.o(.text) refers to entry.o(.ARM.Collect$$$$00000000) for __main
    servo.o(i.blue_task) refers to oled.o(i.OLED_ShowCHinese) for OLED_ShowCHinese
    servo.o(i.blue_task) refers to stm32f1xx_hal.o(i.HAL_Delay) for HAL_Delay
    servo.o(i.blue_task) refers to servo.o(i.servo_catch) for servo_catch
    servo.o(i.blue_task) refers to servo.o(i.servo_fangzhi_blue) for servo_fangzhi_blue
    servo.o(i.blue_task) refers to servo.o(i.servo_drop) for servo_drop
    servo.o(i.blue_task) refers to servo.o(i.servo_back) for servo_back
    servo.o(i.delay_ms) refers to servo.o(i.delay_us) for delay_us
    servo.o(i.pwm_out) refers to servo.o(i.translate_angle_to_pulse) for translate_angle_to_pulse
    servo.o(i.pwm_out) refers to cdcmple.o(.text) for __aeabi_cdcmpeq
    servo.o(i.pwm_out) refers to dfixui.o(.text) for __aeabi_d2uiz
    servo.o(i.pwm_out) refers to main.o(.data) for pulse_1
    servo.o(i.pwm_out) refers to tim.o(.bss) for htim3
    servo.o(i.pwm_start) refers to stm32f1xx_hal_tim.o(i.HAL_TIM_PWM_Start) for HAL_TIM_PWM_Start
    servo.o(i.pwm_start) refers to tim.o(.bss) for htim3
    servo.o(i.servo_angle_calculate) refers to cfrcmple.o(.text) for __aeabi_cfrcmple
    servo.o(i.servo_angle_calculate) refers to cfcmple.o(.text) for __aeabi_cfcmple
    servo.o(i.servo_angle_calculate) refers to fadd.o(.text) for __aeabi_fadd
    servo.o(i.servo_angle_calculate) refers to fdiv.o(.text) for __aeabi_fdiv
    servo.o(i.servo_angle_calculate) refers to f2d.o(.text) for __aeabi_f2d
    servo.o(i.servo_angle_calculate) refers to atan.o(i.atan) for atan
    servo.o(i.servo_angle_calculate) refers to dmul.o(.text) for __aeabi_dmul
    servo.o(i.servo_angle_calculate) refers to d2f.o(.text) for __aeabi_d2f
    servo.o(i.servo_angle_calculate) refers to dflti.o(.text) for __aeabi_i2d
    servo.o(i.servo_angle_calculate) refers to ddiv.o(.text) for __aeabi_ddiv
    servo.o(i.servo_angle_calculate) refers to fmul.o(.text) for __aeabi_fmul
    servo.o(i.servo_angle_calculate) refers to sqrt.o(i.sqrt) for sqrt
    servo.o(i.servo_angle_calculate) refers to sin.o(i.sin) for sin
    servo.o(i.servo_angle_calculate) refers to dadd.o(.text) for __aeabi_dsub
    servo.o(i.servo_angle_calculate) refers to cos.o(i.cos) for cos
    servo.o(i.servo_angle_calculate) refers to main.o(.data) for target_angle_1
    servo.o(i.servo_angle_calculate) refers to printfa.o(i.__0printf) for __2printf
    servo.o(i.servo_angle_calculate) refers to servo.o(.conststring) for .conststring
    servo.o(i.servo_back) refers to dflti.o(.text) for __aeabi_i2d
    servo.o(i.servo_back) refers to servo.o(i.pwm_out) for pwm_out
    servo.o(i.servo_back) refers to servo.o(i.delay_ms) for delay_ms
    servo.o(i.servo_back) refers to servo.o(.data) for b6
    servo.o(i.servo_catch) refers to cdrcmple.o(.text) for __aeabi_cdrcmple
    servo.o(i.servo_catch) refers to dflti.o(.text) for __aeabi_i2d
    servo.o(i.servo_catch) refers to servo.o(i.pwm_out) for pwm_out
    servo.o(i.servo_catch) refers to stm32f1xx_hal.o(i.HAL_Delay) for HAL_Delay
    servo.o(i.servo_catch) refers to cdcmple.o(.text) for __aeabi_cdcmple
    servo.o(i.servo_catch) refers to servo.o(i.delay_ms) for delay_ms
    servo.o(i.servo_catch) refers to servo.o(.data) for b1
    servo.o(i.servo_control) refers to dadd.o(.text) for __aeabi_dsub
    servo.o(i.servo_control) refers to cdcmple.o(.text) for __aeabi_cdcmpeq
[...]
    ../fplib/microlib/fpflt.c                0x00000000   Number         0  dflti.o ABSOLUTE
    ../fplib/microlib/fpmul.c                0x00000000   Number         0  dmul.o ABSOLUTE
    ../fplib/microlib/fpmul.c                0x00000000   Number         0  fmul.o ABSOLUTE
    ../fplib/microlib/fpscalb.c              0x00000000   Number         0  dscalb.o ABSOLUTE
    ../fplib/microlib/fpsqrt.c               0x00000000   Number         0  dsqrt.o ABSOLUTE
    ../mathlib/atan.c                        0x00000000   Number         0  atan_x.o ABSOLUTE
    ../mathlib/atan.c                        0x00000000   Number         0  atan.o ABSOLUTE
    ../mathlib/cos.c                         0x00000000   Number         0  cos.o ABSOLUTE
    ../mathlib/cos.c                         0x00000000   Number         0  cos_x.o ABSOLUTE
    ../mathlib/cos_i.c                       0x00000000   Number         0  cos_i.o ABSOLUTE
    ../mathlib/dunder.c                      0x00000000   Number         0  dunder.o ABSOLUTE
    ../mathlib/fpclassify.c                  0x00000000   Number         0  fpclassify.o ABSOLUTE
    ../mathlib/poly.c                        0x00000000   Number         0  poly.o ABSOLUTE
    ../mathlib/rred.c                        0x00000000   Number         0  rred.o ABSOLUTE
    ../mathlib/sin.c                         0x00000000   Number         0  sin.o ABSOLUTE
    ../mathlib/sin.c                         0x00000000   Number         0  sin_x.o ABSOLUTE
    ../mathlib/sin_i.c                       0x00000000   Number         0  sin_i.o ABSOLUTE
    ../mathlib/sin_i.c                       0x00000000   Number         0  sin_i_x.o ABSOLUTE
    ../mathlib/sqrt.c                        0x00000000   Number         0  sqrt_x.o ABSOLUTE
    ../mathlib/sqrt.c                        0x00000000   Number         0  sqrt.o ABSOLUTE
    ..\Core\Src\gpio.c                       0x00000000   Number         0  gpio.o ABSOLUTE
    ..\Core\Src\main.c                       0x00000000   Number         0  main.o ABSOLUTE
    ..\Core\Src\oled.c                       0x00000000   Number         0  oled.o ABSOLUTE
    ..\Core\Src\openmv.c                     0x00000000   Number         0  openmv.o ABSOLUTE
    ..\Core\Src\servo.c                      0x00000000   Number         0  servo.o ABSOLUTE
    ..\Core\Src\stm32f1xx_hal_msp.c          0x00000000   Number         0  stm32f1xx_hal_msp.o ABSOLUTE
    ..\Core\Src\stm32f1xx_it.c               0x00000000   Number         0  stm32f1xx_it.o ABSOLUTE
    ..\Core\Src\system_stm32f1xx.c           0x00000000   Number         0  system_stm32f1xx.o ABSOLUTE
    ..\Core\Src\tim.c                        0x00000000   Number         0  tim.o ABSOLUTE
    ..\Core\Src\usart.c                      0x00000000   Number         0  usart.o ABSOLUTE
    ..\Drivers\STM32F1xx_HAL_Driver\Src\stm32f1xx_hal.c 0x00000000   Number         0  stm32f1xx_hal.o ABSOLUTE
    ..\Drivers\STM32F1xx_HAL_Driver\Src\stm32f1xx_hal_cortex.c 0x00000000   Number         0  stm32f1xx_hal_cortex.o ABSOLUTE
    ..\Drivers\STM32F1xx_HAL_Driver\Src\stm32f1xx_hal_dma.c 0x00000000   Number         0  stm32f1xx_hal_dma.o ABSOLUTE
    ..\Drivers\STM32F1xx_HAL_Driver\Src\stm32f1xx_hal_exti.c 0x00000000   Number         0  stm32f1xx_hal_exti.o ABSOLUTE
    ..\Drivers\STM32F1xx_HAL_Driver\Src\stm32f1xx_hal_flash.c 0x00000000   Number         0  stm32f1xx_hal_flash.o ABSOLUTE
    ..\Drivers\STM32F1xx_HAL_Driver\Src\stm32f1xx_hal_flash_ex.c 0x00000000   Number         0  stm32f1xx_hal_flash_ex.o ABSOLUTE
    ..\Drivers\STM32F1xx_HAL_Driver\Src\stm32f1xx_hal_gpio.c 0x00000000   Number         0  stm32f1xx_hal_gpio.o ABSOLUTE
    ..\Drivers\STM32F1xx_HAL_Driver\Src\stm32f1xx_hal_gpio_ex.c 0x00000000   Number         0  stm32f1xx_hal_gpio_ex.o ABSOLUTE
    ..\Drivers\STM32F1xx_HAL_Driver\Src\stm32f1xx_hal_pwr.c 0x00000000   Number         0  stm32f1xx_hal_pwr.o ABSOLUTE
    ..\Drivers\STM32F1xx_HAL_Driver\Src\stm32f1xx_hal_rcc.c 0x00000000   Number         0  stm32f1xx_hal_rcc.o ABSOLUTE
    ..\Drivers\STM32F1xx_HAL_Driver\Src\stm32f1xx_hal_rcc_ex.c 0x00000000   Number         0  stm32f1xx_hal_rcc_ex.o ABSOLUTE
    ..\Drivers\STM32F1xx_HAL_Driver\Src\stm32f1xx_hal_tim.c 0x00000000   Number         0  stm32f1xx_hal_tim.o ABSOLUTE
    ..\Drivers\STM32F1xx_HAL_Driver\Src\stm32f1xx_hal_tim_ex.c 0x00000000   Number         0  stm32f1xx_hal_tim_ex.o ABSOLUTE
    ..\Drivers\STM32F1xx_HAL_Driver\Src\stm32f1xx_hal_uart.c 0x00000000   Number         0  stm32f1xx_hal_uart.o ABSOLUTE
    ..\\Core\\Src\\oled.c                    0x00000000   Number         0  oled.o ABSOLUTE
    ..\\Core\\Src\\openmv.c                  0x00000000   Number         0  openmv.o ABSOLUTE
    ..\\Core\\Src\\servo.c                   0x00000000   Number         0  servo.o ABSOLUTE
    MQTT.c                                   0x00000000   Number         0  mqtt.o ABSOLUTE
    Onenet.c                                 0x00000000   Number         0  onenet.o ABSOLUTE
    Onenet.c                                 0x00000000   Number         0  onenet.o ABSOLUTE
    cdcmple.s                                0x00000000   Number         0  cdcmple.o ABSOLUTE
    cdrcmple.s                               0x00000000   Number         0  cdrcmple.o ABSOLUTE
    cfcmple.s                                0x00000000   Number         0  cfcmple.o ABSOLUTE
    cfrcmple.s                               0x00000000   Number         0  cfrcmple.o ABSOLUTE
    dc.s                                     0x00000000   Number         0  dc.o ABSOLUTE
    esp01s.c                                 0x00000000   Number         0  esp01s.o ABSOLUTE
    esp01s.c                                 0x00000000   Number         0  esp01s.o ABSOLUTE
    handlers.s                               0x00000000   Number         0  handlers.o ABSOLUTE
    init.s                                   0x00000000   Number         0  init.o ABSOLUTE
    startup_stm32f103xb.s                    0x00000000   Number         0  startup_stm32f103xb.o ABSOLUTE
    RESET                                    0x08000000   Section      236  startup_stm32f103xb.o(RESET)
    .ARM.Collect$$$$00000000                 0x080000ec   Section        0  entry.o(.ARM.Collect$$$$00000000)
    .ARM.Collect$$$$00000001                 0x080000ec   Section        4  entry2.o(.ARM.Collect$$$$00000001)
    .ARM.Collect$$$$00000004                 0x080000f0   Section        4  entry5.o(.ARM.Collect$$$$00000004)
    .ARM.Collect$$$$00000008                 0x080000f4   Section        0  entry7b.o(.ARM.Collect$$$$00000008)
    .ARM.Collect$$$$0000000A                 0x080000f4   Section        0  entry8b.o(.ARM.Collect$$$$0000000A)
    .ARM.Collect$$$$0000000B                 0x080000f4   Section        8  entry9a.o(.ARM.Collect$$$$0000000B)
    .ARM.Collect$$$$0000000D                 0x080000fc   Section        0  entry10a.o(.ARM.Collect$$$$0000000D)
    .ARM.Collect$$$$0000000F                 0x080000fc   Section        0  entry11a.o(.ARM.Collect$$$$0000000F)
    .ARM.Collect$$$$00002712                 0x080000fc   Section        4  entry2.o(.ARM.Collect$$$$00002712)
    __lit__00000000                          0x080000fc   Data           4  entry2.o(.ARM.Collect$$$$00002712)
    .text                                    0x08000100   Section       36  startup_stm32f103xb.o(.text)
    .text                                    0x08000124   Section        0  llushr.o(.text)
    .text                                    0x08000144   Section        0  memcpya.o(.text)
    .text                                    0x08000168   Section        0  memseta.o(.text)
    .text                                    0x0800018c   Section        0  strcat.o(.text)
    .text                                    0x080001a4   Section        0  strstr.o(.text)
    .text                                    0x080001c8   Section        0  strchr.o(.text)
    .text                                    0x080001dc   Section        0  strlen.o(.text)
    .text                                    0x080001ea   Section        0  strncat.o(.text)
    .text                                    0x08000212   Section        0  strcpy.o(.text)
    .text                                    0x08000224   Section        0  atoi.o(.text)
    .text                                    0x0800023e   Section        0  dadd.o(.text)
    .text                                    0x0800038c   Section        0  dmul.o(.text)
    .text                                    0x08000470   Section        0  ddiv.o(.text)
    .text                                    0x0800054e   Section        0  dflti.o(.text)
    .text                                    0x08000570   Section        0  dfixi.o(.text)
    .text                                    0x080005ae   Section        0  dfixui.o(.text)
    .text                                    0x080005e0   Section       48  cdcmple.o(.text)
    .text                                    0x08000610   Section       48  cdrcmple.o(.text)
    .text                                    0x08000640   Section        0  uidiv.o(.text)
    .text                                    0x0800066c   Section        0  uldiv.o(.text)
    .text                                    0x080006ce   Section        0  llshl.o(.text)
    .text                                    0x080006ec   Section        0  llsshr.o(.text)
    .text                                    0x08000710   Section        0  strtol.o(.text)
    .text                                    0x08000780   Section        0  depilogue.o(.text)
    .text                                    0x08000780   Section        0  iusefp.o(.text)
    .text                                    0x0800083a   Section        0  dfixul.o(.text)
    .text                                    0x0800086c   Section       36  init.o(.text)
    .text                                    0x08000890   Section        0  ctype_o.o(.text)
    .text                                    0x08000898   Section        0  _strtoul.o(.text)
    .text                                    0x08000936   Section        0  _chval.o(.text)
    .text                                    0x08000952   Section        0  __dclz77c.o(.text)
    i.BusFault_Handler                       0x080009b0   Section        0  stm32f1xx_it.o(i.BusFault_Handler)
    i.DebugMon_Handler                       0x080009b4   Section        0  stm32f1xx_it.o(i.DebugMon_Handler)
    i.ESP01S_Clear                           0x080009b8   Section        0  esp01s.o(i.ESP01S_Clear)
    i.ESP01S_GetIPD                          0x080009d4   Section        0  esp01s.o(i.ESP01S_GetIPD)
    i.ESP01S_Init                            0x08000a24   Section        0  esp01s.o(i.ESP01S_Init)
    i.ESP01S_SendCmd                         0x08000b44   Section        0  esp01s.o(i.ESP01S_SendCmd)
    i.ESP01S_SendData                        0x08000bf8   Section        0  esp01s.o(i.ESP01S_SendData)
    i.ESP01S_WaitRecive                      0x08000c9c   Section        0  esp01s.o(i.ESP01S_WaitRecive)
    i.Error_Handler                          0x08000cd0   Section        0  main.o(i.Error_Handler)
    i.HAL_DMA_Abort                          0x08000cd6   Section        0  stm32f1xx_hal_dma.o(i.HAL_DMA_Abort)
    i.HAL_DMA_Abort_IT                       0x08000d2c   Section        0  stm32f1xx_hal_dma.o(i.HAL_DMA_Abort_IT)
    i.HAL_Delay                              0x08000ddc   Section        0  stm32f1xx_hal.o(i.HAL_Delay)
    i.HAL_GPIO_Init                          0x08000e04   Section        0  stm32f1xx_hal_gpio.o(i.HAL_GPIO_Init)
    i.HAL_GPIO_WritePin                      0x08001124   Section        0  stm32f1xx_hal_gpio.o(i.HAL_GPIO_WritePin)
    i.HAL_GetTick                            0x08001130   Section        0  stm32f1xx_hal.o(i.HAL_GetTick)
    i.HAL_IncTick                            0x0800113c   Section        0  stm32f1xx_hal.o(i.HAL_IncTick)
    i.HAL_Init                               0x08001154   Section        0  stm32f1xx_hal.o(i.HAL_Init)
    i.HAL_InitTick                           0x0800117c   Section        0  stm32f1xx_hal.o(i.HAL_InitTick)
    i.HAL_MspInit                            0x080011c8   Section        0  stm32f1xx_hal_msp.o(i.HAL_MspInit)
    i.HAL_NVIC_EnableIRQ                     0x0800121c   Section        0  stm32f1xx_hal_cortex.o(i.HAL_NVIC_EnableIRQ)
    i.HAL_NVIC_SetPriority                   0x0800123c   Section        0  stm32f1xx_hal_cortex.o(i.HAL_NVIC_SetPriority)
    i.HAL_NVIC_SetPriorityGrouping           0x080012b8   Section        0  stm32f1xx_hal_cortex.o(i.HAL_NVIC_SetPriorityGrouping)
    i.HAL_RCC_ClockConfig                    0x080012e0   Section        0  stm32f1xx_hal_rcc.o(i.HAL_RCC_ClockConfig)
    i.HAL_RCC_GetHCLKFreq                    0x0800146c   Section        0  stm32f1xx_hal_rcc.o(i.HAL_RCC_GetHCLKFreq)
    i.HAL_RCC_GetPCLK1Freq                   0x08001478   Section        0  stm32f1xx_hal_rcc.o(i.HAL_RCC_GetPCLK1Freq)
    i.HAL_RCC_GetPCLK2Freq                   0x08001498   Section        0  stm32f1xx_hal_rcc.o(i.HAL_RCC_GetPCLK2Freq)
    i.HAL_RCC_GetSysClockFreq                0x080014b8   Section        0  stm32f1xx_hal_rcc.o(i.HAL_RCC_GetSysClockFreq)
    i.HAL_RCC_OscConfig                      0x0800154c   Section        0  stm32f1xx_hal_rcc.o(i.HAL_RCC_OscConfig)
    i.HAL_SYSTICK_Config                     0x080019b0   Section        0  stm32f1xx_hal_cortex.o(i.HAL_SYSTICK_Config)
    i.HAL_TIMEx_MasterConfigSynchronization  0x080019e4   Section        0  stm32f1xx_hal_tim_ex.o(i.HAL_TIMEx_MasterConfigSynchronization)
    i.HAL_TIM_MspPostInit                    0x08001a68   Section        0  tim.o(i.HAL_TIM_MspPostInit)
    i.HAL_TIM_PWM_ConfigChannel              0x08001b28   Section        0  stm32f1xx_hal_tim.o(i.HAL_TIM_PWM_ConfigChannel)
    i.HAL_TIM_PWM_Init                       0x08001c24   Section        0  stm32f1xx_hal_tim.o(i.HAL_TIM_PWM_Init)
    i.HAL_TIM_PWM_MspInit                    0x08001c8c   Section        0  tim.o(i.HAL_TIM_PWM_MspInit)
    i.HAL_TIM_PWM_Start                      0x08001ce0   Section        0  stm32f1xx_hal_tim.o(i.HAL_TIM_PWM_Start)
    i.HAL_UARTEx_RxEventCallback             0x08001db4   Section        0  stm32f1xx_hal_uart.o(i.HAL_UARTEx_RxEventCallback)
    i.HAL_UART_ErrorCallback                 0x08001db6   Section        0  stm32f1xx_hal_uart.o(i.HAL_UART_ErrorCallback)
    i.HAL_UART_IRQHandler                    0x08001db8   Section        0  stm32f1xx_hal_uart.o(i.HAL_UART_IRQHandler)
    i.HAL_UART_Init                          0x08002004   Section        0  stm32f1xx_hal_uart.o(i.HAL_UART_Init)
    i.HAL_UART_MspInit                       0x08002078   Section        0  usart.o(i.HAL_UART_MspInit)
    i.HAL_UART_Receive_IT                    0x080021a8   Section        0  stm32f1xx_hal_uart.o(i.HAL_UART_Receive_IT)
    i.HAL_UART_RxCpltCallback                0x080021ec   Section        0  usart.o(i.HAL_UART_RxCpltCallback)
    i.HAL_UART_Transmit                      0x0800226c   Section        0  stm32f1xx_hal_uart.o(i.HAL_UART_Transmit)
    i.HAL_UART_TxCpltCallback                0x0800233e   Section        0  stm32f1xx_hal_uart.o(i.HAL_UART_TxCpltCallback)
    i.HardFault_Handler                      0x08002340   Section        0  stm32f1xx_it.o(i.HardFault_Handler)
    i.IIC_Start                              0x08002344   Section        0  oled.o(i.IIC_Start)
    i.IIC_Stop                               0x08002378   Section        0  oled.o(i.IIC_Stop)
    i.IIC_Wait_Ack                           0x080023a0   Section        0  oled.o(i.IIC_Wait_Ack)
    i.MQTT_DeleteBuffer                      0x080023bc   Section        0  mqtt.o(i.MQTT_DeleteBuffer)
    i.MQTT_DumpLength                        0x080023d8   Section        0  mqtt.o(i.MQTT_DumpLength)
    i.MQTT_NewBuffer                         0x08002406   Section        0  mqtt.o(i.MQTT_NewBuffer)
    i.MQTT_PacketCmdResp                     0x08002460   Section        0  mqtt.o(i.MQTT_PacketCmdResp)
    i.MQTT_PacketConnect                     0x080024ec   Section        0  mqtt.o(i.MQTT_PacketConnect)
    i.MQTT_PacketPublish                     0x0800278c   Section        0  mqtt.o(i.MQTT_PacketPublish)
    i.MQTT_PacketSaveData                    0x08002944   Section        0  mqtt.o(i.MQTT_PacketSaveData)
    i.MQTT_ReadLength                        0x080029a0   Section        0  mqtt.o(i.MQTT_ReadLength)
    i.MQTT_UnPacketCmd                       0x080029e6   Section        0  mqtt.o(i.MQTT_UnPacketCmd)
    i.MQTT_UnPacketConnectAck                0x08002a72   Section        0  mqtt.o(i.MQTT_UnPacketConnectAck)
    i.MQTT_UnPacketPublishAck                0x08002a90   Section        0  mqtt.o(i.MQTT_UnPacketPublishAck)
    i.MQTT_UnPacketRecv                      0x08002ab0   Section        0  mqtt.o(i.MQTT_UnPacketRecv)
    i.MX_GPIO_Init                           0x08002b24   Section        0  gpio.o(i.MX_GPIO_Init)
    i.MX_TIM2_Init                           0x08002bb4   Section        0  tim.o(i.MX_TIM2_Init)
    i.MX_TIM3_Init                           0x08002c5c   Section        0  tim.o(i.MX_TIM3_Init)
    i.MX_USART1_UART_Init                    0x08002d08   Section        0  usart.o(i.MX_USART1_UART_Init)
    i.MX_USART3_UART_Init                    0x08002d4c   Section        0  usart.o(i.MX_USART3_UART_Init)
    i.MemManage_Handler                      0x08002d84   Section        0  stm32f1xx_it.o(i.MemManage_Handler)
    i.NMI_Handler                            0x08002d88   Section        0  stm32f1xx_it.o(i.NMI_Handler)
    i.OLED_Clear                             0x08002d8c   Section        0  oled.o(i.OLED_Clear)
    i.OLED_Init                              0x08002dcc   Section        0  oled.o(i.OLED_Init)
    i.OLED_Part_Clear                        0x08002efc   Section        0  oled.o(i.OLED_Part_Clear)
    i.OLED_Set_Pos                           0x08002f32   Section        0  oled.o(i.OLED_Set_Pos)
    i.OLED_ShowCHinese                       0x08002f5c   Section        0  oled.o(i.OLED_ShowCHinese)
    i.OLED_WR_Byte                           0x08002fc4   Section        0  oled.o(i.OLED_WR_Byte)
    i.OneNet_DevLink                         0x08002fdc   Section        0  onenet.o(i.OneNet_DevLink)
    i.OneNet_FillBuf                         0x08003078   Section        0  onenet.o(i.OneNet_FillBuf)
    i.OneNet_RevPro                          0x080030d0   Section        0  onenet.o(i.OneNet_RevPro)
    i.OneNet_SendData                        0x080031a4   Section        0  onenet.o(i.OneNet_SendData)
    i.PendSV_Handler                         0x08003214   Section        0  stm32f1xx_it.o(i.PendSV_Handler)
    i.RCC_Delay                              0x08003218   Section        0  stm32f1xx_hal_rcc.o(i.RCC_Delay)
    RCC_Delay                                0x08003219   Thumb Code    36  stm32f1xx_hal_rcc.o(i.RCC_Delay)
    i.SVC_Handler                            0x08003240   Section        0  stm32f1xx_it.o(i.SVC_Handler)
    i.SysTick_Handler                        0x08003242   Section        0  stm32f1xx_it.o(i.SysTick_Handler)
    i.SystemClock_Config                     0x0800324a   Section        0  main.o(i.SystemClock_Config)
    i.SystemInit                             0x080032b0   Section        0  system_stm32f1xx.o(i.SystemInit)
    i.TIM_Base_SetConfig                     0x080032b4   Section        0  stm32f1xx_hal_tim.o(i.TIM_Base_SetConfig)
    i.TIM_CCxChannelCmd                      0x08003328   Section        0  stm32f1xx_hal_tim.o(i.TIM_CCxChannelCmd)
    i.TIM_OC1_SetConfig                      0x0800334c   Section        0  stm32f1xx_hal_tim.o(i.TIM_OC1_SetConfig)
    TIM_OC1_SetConfig                        0x0800334d   Thumb Code    90  stm32f1xx_hal_tim.o(i.TIM_OC1_SetConfig)
    i.TIM_OC2_SetConfig                      0x080033ac   Section        0  stm32f1xx_hal_tim.o(i.TIM_OC2_SetConfig)
    i.TIM_OC3_SetConfig                      0x08003414   Section        0  stm32f1xx_hal_tim.o(i.TIM_OC3_SetConfig)
    TIM_OC3_SetConfig                        0x08003415   Thumb Code    98  stm32f1xx_hal_tim.o(i.TIM_OC3_SetConfig)
    i.TIM_OC4_SetConfig                      0x0800347c   Section        0  stm32f1xx_hal_tim.o(i.TIM_OC4_SetConfig)
    TIM_OC4_SetConfig                        0x0800347d   Thumb Code    68  stm32f1xx_hal_tim.o(i.TIM_OC4_SetConfig)
    i.UART_DMAAbortOnError                   0x080034c4   Section        0  stm32f1xx_hal_uart.o(i.UART_DMAAbortOnError)
    UART_DMAAbortOnError                     0x080034c5   Thumb Code    20  stm32f1xx_hal_uart.o(i.UART_DMAAbortOnError)
    i.UART_EndRxTransfer                     0x080034d8   Section        0  stm32f1xx_hal_uart.o(i.UART_EndRxTransfer)
    UART_EndRxTransfer                       0x080034d9   Thumb Code    54  stm32f1xx_hal_uart.o(i.UART_EndRxTransfer)
    i.UART_EndTransmit_IT                    0x0800350e   Section        0  stm32f1xx_hal_uart.o(i.UART_EndTransmit_IT)
    UART_EndTransmit_IT                      0x0800350f   Thumb Code    32  stm32f1xx_hal_uart.o(i.UART_EndTransmit_IT)
    i.UART_Receive_IT                        0x0800352e   Section        0  stm32f1xx_hal_uart.o(i.UART_Receive_IT)
    UART_Receive_IT                          0x0800352f   Thumb Code   228  stm32f1xx_hal_uart.o(i.UART_Receive_IT)
    i.UART_SetConfig                         0x08003614   Section        0  stm32f1xx_hal_uart.o(i.UART_SetConfig)
    UART_SetConfig                           0x08003615   Thumb Code   248  stm32f1xx_hal_uart.o(i.UART_SetConfig)
    i.UART_Start_Receive_IT                  0x08003710   Section        0  stm32f1xx_hal_uart.o(i.UART_Start_Receive_IT)
    i.UART_Transmit_IT                       0x08003756   Section        0  stm32f1xx_hal_uart.o(i.UART_Transmit_IT)
    UART_Transmit_IT                         0x08003757   Thumb Code    96  stm32f1xx_hal_uart.o(i.UART_Transmit_IT)
    i.UART_WaitOnFlagUntilTimeout            0x080037b6   Section        0  stm32f1xx_hal_uart.o(i.UART_WaitOnFlagUntilTimeout)
    UART_WaitOnFlagUntilTimeout              0x080037b7   Thumb Code   108  stm32f1xx_hal_uart.o(i.UART_WaitOnFlagUntilTimeout)
    i.USART1_IRQHandler                      0x08003824   Section        0  usart.o(i.USART1_IRQHandler)
    i.USART3_IRQHandler                      0x08003834   Section        0  stm32f1xx_it.o(i.USART3_IRQHandler)
    i.UsageFault_Handler                     0x08003844   Section        0  stm32f1xx_it.o(i.UsageFault_Handler)
    i.Usart_SendString                       0x08003848   Section        0  usart.o(i.Usart_SendString)
    i.Write_IIC_Byte                         0x08003874   Section        0  oled.o(i.Write_IIC_Byte)
    i.Write_IIC_Command                      0x080038d4   Section        0  oled.o(i.Write_IIC_Command)
    i.Write_IIC_Data                         0x08003900   Section        0  oled.o(i.Write_IIC_Data)
    i.__0sprintf                             0x0800392c   Section        0  printfa.o(i.__0sprintf)
    i.__NVIC_GetPriorityGrouping             0x08003954   Section        0  stm32f1xx_hal_cortex.o(i.__NVIC_GetPriorityGrouping)
    __NVIC_GetPriorityGrouping               0x08003955   Thumb Code    10  stm32f1xx_hal_cortex.o(i.__NVIC_GetPriorityGrouping)
    i.__NVIC_SetPriority                     0x08003964   Section        0  stm32f1xx_hal_cortex.o(i.__NVIC_SetPriority)
    __NVIC_SetPriority                       0x08003965   Thumb Code    32  stm32f1xx_hal_cortex.o(i.__NVIC_SetPriority)
    i.__aeabi_errno_addr                     0x0800398c   Section        0  errno.o(i.__aeabi_errno_addr)
    i.__scatterload_copy                     0x08003994   Section       14  handlers.o(i.__scatterload_copy)
    i.__scatterload_null                     0x080039a2   Section        2  handlers.o(i.__scatterload_null)
    i.__scatterload_zeroinit                 0x080039a4   Section       14  handlers.o(i.__scatterload_zeroinit)
    i._fp_digits                             0x080039b4   Section        0  printfa.o(i._fp_digits)
    _fp_digits                               0x080039b5   Thumb Code   366  printfa.o(i._fp_digits)
    i._printf_core                           0x08003b38   Section        0  printfa.o(i._printf_core)
    _printf_core                             0x08003b39   Thumb Code  1744  printfa.o(i._printf_core)
    i._printf_post_padding                   0x08004214   Section        0  printfa.o(i._printf_post_padding)
    _printf_post_padding                     0x08004215   Thumb Code    36  printfa.o(i._printf_post_padding)
    i._printf_pre_padding                    0x08004238   Section        0  printfa.o(i._printf_pre_padding)
    _printf_pre_padding                      0x08004239   Thumb Code    46  printfa.o(i._printf_pre_padding)
    i._sputc                                 0x08004266   Section        0  printfa.o(i._sputc)
    _sputc                                   0x08004267   Thumb Code    10  printfa.o(i._sputc)
    i.blue_task                              0x08004270   Section        0  servo.o(i.blue_task)
    i.coordinate_transformation              0x080042f4   Section        0  openmv.o(i.coordinate_transformation)
    i.delay_ms                               0x08004350   Section        0  servo.o(i.delay_ms)
    i.delay_us                               0x08004370   Section        0  servo.o(i.delay_us)
    i.free                                   0x08004398   Section        0  malloc.o(i.free)
    i.main                                   0x080043e8   Section        0  main.o(i.main)
    i.malloc                                 0x08004538   Section        0  malloc.o(i.malloc)
    i.openmv_receive_data                    0x080045a4   Section        0  openmv.o(i.openmv_receive_data)
    i.pwm_out                                0x080046cc   Section        0  servo.o(i.pwm_out)
    i.pwm_start                              0x080047d0   Section        0  servo.o(i.pwm_start)
    i.servo_back                             0x0800480c   Section        0  servo.o(i.servo_back)
    i.servo_catch                            0x08004acc   Section        0  servo.o(i.servo_catch)
    i.servo_drop                             0x08004d8c   Section        0  servo.o(i.servo_drop)
    i.servo_fangzhi_blue                     0x08004eb8   Section        0  servo.o(i.servo_fangzhi_blue)
    i.servo_fangzhi_yellow                   0x08005134   Section        0  servo.o(i.servo_fangzhi_yellow)
    i.servo_reset_begin                      0x080053b0   Section        0  servo.o(i.servo_reset_begin)
    i.translate_angle_to_pulse               0x08005428   Section        0  servo.o(i.translate_angle_to_pulse)
    i.yellow_task                            0x08005598   Section        0  servo.o(i.yellow_task)
    .constdata                               0x08005628   Section       24  system_stm32f1xx.o(.constdata)
    .constdata                               0x08005640   Section      129  ctype_o.o(.constdata)
    .constdata                               0x080056c4   Section        4  ctype_o.o(.constdata)
    table                                    0x080056c4   Data           4  ctype_o.o(.constdata)
    .data                                    0x20000000   Section      152  servo.o(.data)
    .data                                    0x20000098   Section      240  main.o(.data)
    .data                                    0x20000188   Section        5  usart.o(.data)
    .data                                    0x20000190   Section       26  openmv.o(.data)
    rx_counter_1                             0x200001a8   Data           1  openmv.o(.data)
    rx_state                                 0x200001a9   Data           1  openmv.o(.data)
    .data                                    0x200001aa   Section     1536  oled.o(.data)
    .data                                    0x200007aa   Section        4  esp01s.o(.data)
    .data                                    0x200007b0   Section        4  onenet.o(.data)
    .data                                    0x200007b4   Section        9  stm32f1xx_hal.o(.data)
    .data                                    0x200007c0   Section        4  system_stm32f1xx.o(.data)
    .data                                    0x200007c4   Section        4  mvars.o(.data)
    .data                                    0x200007c8   Section        4  mvars.o(.data)
    .data                                    0x200007cc   Section        4  errno.o(.data)
    _errno                                   0x200007cc   Data           4  errno.o(.data)
    .bss                                     0x200007d0   Section      144  tim.o(.bss)
    .bss                                     0x20000860   Section      336  usart.o(.bss)
    .bss                                     0x200009b0   Section       20  openmv.o(.bss)
    rx_buffer_1                              0x200009b0   Data          20  openmv.o(.bss)
    .bss                                     0x200009c4   Section      128  esp01s.o(.bss)
    HEAP                                     0x20000a48   Section      512  startup_stm32f103xb.o(HEAP)
    STACK                                    0x20000c48   Section     1024  startup_stm32f103xb.o(STACK)

    Global Symbols

    Symbol Name                              Value     Ov Type        Size  Object(Section)

    BuildAttributes$$THM_ISAv4$P$D$K$B$S$PE$A:L22UL41UL21$X:L11$S22US41US21$IEEE1$IW$USESV6$~STKCKD$USESV7$~SHL$OTIME$ROPI$IEEEX$EBA8$MICROLIB$REQ8$PRES8$EABIv2 0x00000000   Number         0  anon$$obj.o ABSOLUTE
    __ARM_use_no_argv                        0x00000000   Number         0  main.o ABSOLUTE
    _printf_a                                0x00000000   Number         0  stubs.o ABSOLUTE
    _printf_c                                0x00000000   Number         0  stubs.o ABSOLUTE
    _printf_charcount                        0x00000000   Number         0  stubs.o ABSOLUTE
    _printf_d                                0x00000000   Number         0  stubs.o ABSOLUTE
    _printf_e                                0x00000000   Number         0  stubs.o ABSOLUTE
    _printf_f                                0x00000000   Number         0  stubs.o ABSOLUTE
    _printf_flags                            0x00000000   Number         0  stubs.o ABSOLUTE
    _printf_fp_dec                           0x00000000   Number         0  stubs.o ABSOLUTE
    _printf_fp_hex                           0x00000000   Number         0  stubs.o ABSOLUTE
    _printf_g                                0x00000000   Number         0  stubs.o ABSOLUTE
    _printf_i                                0x00000000   Number         0  stubs.o ABSOLUTE
    _printf_int_dec                          0x00000000   Number         0  stubs.o ABSOLUTE
    _printf_l                                0x00000000   Number         0  stubs.o ABSOLUTE
    _printf_lc                               0x00000000   Number         0  stubs.o ABSOLUTE
    _printf_ll                               0x00000000   Number         0  stubs.o ABSOLUTE
    _printf_lld                              0x00000000   Number         0  stubs.o ABSOLUTE
    _printf_lli                              0x00000000   Number         0  stubs.o ABSOLUTE
    _printf_llo                              0x00000000   Number         0  stubs.o ABSOLUTE
    _printf_llu                              0x00000000   Number         0  stubs.o ABSOLUTE
    _printf_llx                              0x00000000   Number         0  stubs.o ABSOLUTE
    _printf_longlong_dec                     0x00000000   Number         0  stubs.o ABSOLUTE
    _printf_longlong_hex                     0x00000000   Number         0  stubs.o ABSOLUTE
    _printf_longlong_oct                     0x00000000   Number         0  stubs.o ABSOLUTE
    _printf_ls                               0x00000000   Number         0  stubs.o ABSOLUTE
    _printf_mbtowc                           0x00000000   Number         0  stubs.o ABSOLUTE
    _printf_n                                0x00000000   Number         0  stubs.o ABSOLUTE
    _printf_o                                0x00000000   Number         0  stubs.o ABSOLUTE
    _printf_p                                0x00000000   Number         0  stubs.o ABSOLUTE
    _printf_percent                          0x00000000   Number         0  stubs.o ABSOLUTE
    _printf_pre_padding                      0x00000000   Number         0  stubs.o ABSOLUTE
    _printf_return_value                     0x00000000   Number         0  stubs.o ABSOLUTE
    _printf_s                                0x00000000   Number         0  stubs.o ABSOLUTE
    _printf_sizespec                         0x00000000   Number         0  stubs.o ABSOLUTE
    _printf_str                              0x00000000   Number         0  stubs.o ABSOLUTE
    _printf_truncate_signed                  0x00000000   Number         0  stubs.o ABSOLUTE
    _printf_truncate_unsigned                0x00000000   Number         0  stubs.o ABSOLUTE
    _printf_u                                0x00000000   Number         0  stubs.o ABSOLUTE
    _printf_wc                               0x00000000   Number         0  stubs.o ABSOLUTE
    _printf_wctomb                           0x00000000   Number         0  stubs.o ABSOLUTE
    _printf_widthprec                        0x00000000   Number         0  stubs.o ABSOLUTE
    _printf_x                                0x00000000   Number         0  stubs.o ABSOLUTE
    __cpp_initialize__aeabi_                  - Undefined Weak Reference
    __cxa_finalize                            - Undefined Weak Reference
    _clock_init                               - Undefined Weak Reference
    _microlib_exit                            - Undefined Weak Reference
    __Vectors_Size                           0x000000ec   Number         0  startup_stm32f103xb.o ABSOLUTE
    __Vectors                                0x08000000   Data           4  startup_stm32f103xb.o(RESET)
    __Vectors_End                            0x080000ec   Data           0  startup_stm32f103xb.o(RESET)
    __main                                   0x080000ed   Thumb Code     0  entry.o(.ARM.Collect$$$$00000000)
    _main_stk                                0x080000ed   Thumb Code     0  entry2.o(.ARM.Collect$$$$00000001)
    _main_scatterload                        0x080000f1   Thumb Code     0  entry5.o(.ARM.Collect$$$$00000004)
    __main_after_scatterload                 0x080000f5   Thumb Code     0  entry5.o(.ARM.Collect$$$$00000004)
    _main_clock                              0x080000f5   Thumb Code     0  entry7b.o(.ARM.Collect$$$$00000008)
    _main_cpp_init                           0x080000f5   Thumb Code     0  entry8b.o(.ARM.Collect$$$$0000000A)
    _main_init                               0x080000f5   Thumb Code     0  entry9a.o(.ARM.Collect$$$$0000000B)
    __rt_final_cpp                           0x080000fd   Thumb Code     0  entry10a.o(.ARM.Collect$$$$0000000D)
    __rt_final_exit                          0x080000fd   Thumb Code     0  entry11a.o(.ARM.Collect$$$$0000000F)
    Reset_Handler                            0x08000101   Thumb Code     8  startup_stm32f103xb.o(.text)
    ADC1_2_IRQHandler                        0x0800011b   Thumb Code     0  startup_stm32f103xb.o(.text)
    CAN1_RX1_IRQHandler                      0x0800011b   Thumb Code     0  startup_stm32f103xb.o(.text)
    CAN1_SCE_IRQHandler                      0x0800011b   Thumb Code     0  startup_stm32f103xb.o(.text)
    DMA1_Channel1_IRQHandler                 0x0800011b   Thumb Code     0  startup_stm32f103xb.o(.text)
    DMA1_Channel2_IRQHandler                 0x0800011b   Thumb Code     0  startup_stm32f103xb.o(.text)
    DMA1_Channel3_IRQHandler                 0x0800011b   Thumb Code     0  startup_stm32f103xb.o(.text)
    DMA1_Channel4_IRQHandler                 0x0800011b   Thumb Code     0  startup_stm32f103xb.o(.text)
    DMA1_Channel5_IRQHandler                 0x0800011b   Thumb Code     0  startup_stm32f103xb.o(.text)
    DMA1_Channel6_IRQHandler                 0x0800011b   Thumb Code     0  startup_stm32f103xb.o(.text)
    DMA1_Channel7_IRQHandler                 0x0800011b   Thumb Code     0  startup_stm32f103xb.o(.text)
    EXTI0_IRQHandler                         0x0800011b   Thumb Code     0  startup_stm32f103xb.o(.text)
    EXTI15_10_IRQHandler                     0x0800011b   Thumb Code     0  startup_stm32f103xb.o(.text)
    EXTI1_IRQHandler                         0x0800011b   Thumb Code     0  startup_stm32f103xb.o(.text)
    EXTI2_IRQHandler                         0x0800011b   Thumb Code     0  startup_stm32f103xb.o(.text)
    EXTI3_IRQHandler                         0x0800011b   Thumb Code     0  startup_stm32f103xb.o(.text)
    EXTI4_IRQHandler                         0x0800011b   Thumb Code     0  startup_stm32f103xb.o(.text)
    EXTI9_5_IRQHandler                       0x0800011b   Thumb Code     0  startup_stm32f103xb.o(.text)
    FLASH_IRQHandler                         0x0800011b   Thumb Code     0  startup_stm32f103xb.o(.text)
    I2C1_ER_IRQHandler                       0x0800011b   Thumb Code     0  startup_stm32f103xb.o(.text)
    I2C1_EV_IRQHandler                       0x0800011b   Thumb Code     0  startup_stm32f103xb.o(.text)
    I2C2_ER_IRQHandler                       0x0800011b   Thumb Code     0  startup_stm32f103xb.o(.text)
    I2C2_EV_IRQHandler                       0x0800011b   Thumb Code     0  startup_stm32f103xb.o(.text)
    PVD_IRQHandler                           0x0800011b   Thumb Code     0  startup_stm32f103xb.o(.text)
    RCC_IRQHandler                           0x0800011b   Thumb Code     0  startup_stm32f103xb.o(.text)
    RTC_Alarm_IRQHandler                     0x0800011b   Thumb Code     0  startup_stm32f103xb.o(.text)
    RTC_IRQHandler                           0x0800011b   Thumb Code     0  startup_stm32f103xb.o(.text)
    SPI1_IRQHandler                          0x0800011b   Thumb Code     0  startup_stm32f103xb.o(.text)
    SPI2_IRQHandler                          0x0800011b   Thumb Code     0  startup_stm32f103xb.o(.text)
    TAMPER_IRQHandler                        0x0800011b   Thumb Code     0  startup_stm32f103xb.o(.text)
    TIM1_BRK_IRQHandler                      0x0800011b   Thumb Code     0  startup_stm32f103xb.o(.text)
    TIM1_CC_IRQHandler                       0x0800011b   Thumb Code     0  startup_stm32f103xb.o(.text)
    TIM1_TRG_COM_IRQHandler                  0x0800011b   Thumb Code     0  startup_stm32f103xb.o(.text)
    TIM1_UP_IRQHandler                       0x0800011b   Thumb Code     0  startup_stm32f103xb.o(.text)
    TIM2_IRQHandler                          0x0800011b   Thumb Code     0  startup_stm32f103xb.o(.text)
    TIM3_IRQHandler                          0x0800011b   Thumb Code     0  startup_stm32f103xb.o(.text)
    TIM4_IRQHandler                          0x0800011b   Thumb Code     0  startup_stm32f103xb.o(.text)
    USART2_IRQHandler                        0x0800011b   Thumb Code     0  startup_stm32f103xb.o(.text)
    USBWakeUp_IRQHandler                     0x0800011b   Thumb Code     0  startup_stm32f103xb.o(.text)
    USB_HP_CAN1_TX_IRQHandler                0x0800011b   Thumb Code     0  startup_stm32f103xb.o(.text)
    USB_LP_CAN1_RX0_IRQHandler               0x0800011b   Thumb Code     0  startup_stm32f103xb.o(.text)
    WWDG_IRQHandler                          0x0800011b   Thumb Code     0  startup_stm32f103xb.o(.text)
    __aeabi_llsr                             0x08000125   Thumb Code    32  llushr.o(.text)
    _ll_ushift_r                             0x08000125   Thumb Code     0  llushr.o(.text)
    __aeabi_memcpy                           0x08000145   Thumb Code    36  memcpya.o(.text)
    __aeabi_memcpy4                          0x08000145   Thumb Code     0  memcpya.o(.text)
    __aeabi_memcpy8                          0x08000145   Thumb Code     0  memcpya.o(.text)
    __aeabi_memset                           0x08000169   Thumb Code    14  memseta.o(.text)
    __aeabi_memset4                          0x08000169   Thumb Code     0  memseta.o(.text)
    __aeabi_memset8                          0x08000169   Thumb Code     0  memseta.o(.text)
    __aeabi_memclr                           0x08000177   Thumb Code     4  memseta.o(.text)
    __aeabi_memclr4                          0x08000177   Thumb Code     0  memseta.o(.text)
    __aeabi_memclr8                          0x08000177   Thumb Code     0  memseta.o(.text)
    _memset$wrapper                          0x0800017b   Thumb Code    18  memseta.o(.text)
    strcat                                   0x0800018d   Thumb Code    24  strcat.o(.text)
    strstr                                   0x080001a5   Thumb Code    36  strstr.o(.text)
    strchr                                   0x080001c9   Thumb Code    20  strchr.o(.text)
    strlen                                   0x080001dd   Thumb Code    14  strlen.o(.text)
    strncat                                  0x080001eb   Thumb Code    40  strncat.o(.text)
    strcpy                                   0x08000213   Thumb Code    18  strcpy.o(.text)
    atoi                                     0x08000225   Thumb Code    26  atoi.o(.text)
    __aeabi_dadd                             0x0800023f   Thumb Code   322  dadd.o(.text)
    __aeabi_dsub                             0x08000381   Thumb Code     6  dadd.o(.text)
    __aeabi_drsub                            0x08000387   Thumb Code     6  dadd.o(.text)
    __aeabi_dmul                             0x0800038d   Thumb Code   228  dmul.o(.text)
    __aeabi_ddiv                             0x08000471   Thumb Code   222  ddiv.o(.text)
    __aeabi_i2d                              0x0800054f   Thumb Code    34  dflti.o(.text)
    __aeabi_d2iz                             0x08000571   Thumb Code    62  dfixi.o(.text)
    __aeabi_d2uiz                            0x080005af   Thumb Code    50  dfixui.o(.text)
    __aeabi_cdcmpeq                          0x080005e1   Thumb Code     0  cdcmple.o(.text)
    __aeabi_cdcmple                          0x080005e1   Thumb Code    48  cdcmple.o(.text)
    __aeabi_cdrcmple                         0x08000611   Thumb Code    48  cdrcmple.o(.text)
    __aeabi_uidiv                            0x08000641   Thumb Code     0  uidiv.o(.text)
    __aeabi_uidivmod                         0x08000641   Thumb Code    44  uidiv.o(.text)
    __aeabi_uldivmod                         0x0800066d   Thumb Code    98  uldiv.o(.text)
    __aeabi_llsl                             0x080006cf   Thumb Code    30  llshl.o(.text)
    _ll_shift_l                              0x080006cf   Thumb Code     0  llshl.o(.text)
    __aeabi_lasr                             0x080006ed   Thumb Code    36  llsshr.o(.text)
    _ll_sshift_r                             0x080006ed   Thumb Code     0  llsshr.o(.text)
    strtol                                   0x08000711   Thumb Code   112  strtol.o(.text)
    __I$use$fp                               0x08000781   Thumb Code     0  iusefp.o(.text)
    _double_round                            0x08000781   Thumb Code    30  depilogue.o(.text)
    _double_epilogue                         0x0800079f   Thumb Code   156  depilogue.o(.text)
    __aeabi_d2ulz                            0x0800083b   Thumb Code    48  dfixul.o(.text)
    __scatterload                            0x0800086d   Thumb Code    28  init.o(.text)
    __scatterload_rt2                        0x0800086d   Thumb Code     0  init.o(.text)
    __rt_ctype_table                         0x08000891   Thumb Code     4  ctype_o.o(.text)
    _strtoul                                 0x08000899   Thumb Code   158  _strtoul.o(.text)
    _chval                                   0x08000937   Thumb Code    28  _chval.o(.text)
    __decompress                             0x08000953   Thumb Code     0  __dclz77c.o(.text)
    __decompress2                            0x08000953   Thumb Code    94  __dclz77c.o(.text)
    BusFault_Handler                         0x080009b1   Thumb Code     4  stm32f1xx_it.o(i.BusFault_Handler)
    DebugMon_Handler                         0x080009b5   Thumb Code     2  stm32f1xx_it.o(i.DebugMon_Handler)
    ESP01S_Clear                             0x080009b9   Thumb Code    18  esp01s.o(i.ESP01S_Clear)
    ESP01S_GetIPD                            0x080009d5   Thumb Code    66  esp01s.o(i.ESP01S_GetIPD)
    ESP01S_Init                              0x08000a25   Thumb Code   146  esp01s.o(i.ESP01S_Init)
    ESP01S_SendCmd                           0x08000b45   Thumb Code   170  esp01s.o(i.ESP01S_SendCmd)
    ESP01S_SendData                          0x08000bf9   Thumb Code   140  esp01s.o(i.ESP01S_SendData)
    ESP01S_WaitRecive                        0x08000c9d   Thumb Code    42  esp01s.o(i.ESP01S_WaitRecive)
    Error_Handler                            0x08000cd1   Thumb Code     6  main.o(i.Error_Handler)
    HAL_DMA_Abort                            0x08000cd7   Thumb Code    86  stm32f1xx_hal_dma.o(i.HAL_DMA_Abort)
    HAL_DMA_Abort_IT                         0x08000d2d   Thumb Code   172  stm32f1xx_hal_dma.o(i.HAL_DMA_Abort_IT)
    HAL_Delay                                0x08000ddd   Thumb Code    36  stm32f1xx_hal.o(i.HAL_Delay)
    HAL_GPIO_Init                            0x08000e05   Thumb Code   766  stm32f1xx_hal_gpio.o(i.HAL_GPIO_Init)
    HAL_GPIO_WritePin                        0x08001125   Thumb Code    12  stm32f1xx_hal_gpio.o(i.HAL_GPIO_WritePin)
    HAL_GetTick                              0x08001131   Thumb Code     6  stm32f1xx_hal.o(i.HAL_GetTick)
    HAL_IncTick                              0x0800113d   Thumb Code    16  stm32f1xx_hal.o(i.HAL_IncTick)
    HAL_Init                                 0x08001155   Thumb Code    34  stm32f1xx_hal.o(i.HAL_Init)
    HAL_InitTick                             0x0800117d   Thumb Code    64  stm32f1xx_hal.o(i.HAL_InitTick)
    HAL_MspInit                              0x080011c9   Thumb Code    76  stm32f1xx_hal_msp.o(i.HAL_MspInit)
    HAL_NVIC_EnableIRQ                       0x0800121d   Thumb Code    32  stm32f1xx_hal_cortex.o(i.HAL_NVIC_EnableIRQ)
    HAL_NVIC_SetPriority                     0x0800123d   Thumb Code   124  stm32f1xx_hal_cortex.o(i.HAL_NVIC_SetPriority)
    HAL_NVIC_SetPriorityGrouping             0x080012b9   Thumb Code    32  stm32f1xx_hal_cortex.o(i.HAL_NVIC_SetPriorityGrouping)
    HAL_RCC_ClockConfig                      0x080012e1   Thumb Code   376  stm32f1xx_hal_rcc.o(i.HAL_RCC_ClockConfig)
    HAL_RCC_GetHCLKFreq                      0x0800146d   Thumb Code     6  stm32f1xx_hal_rcc.o(i.HAL_RCC_GetHCLKFreq)
    HAL_RCC_GetPCLK1Freq                     0x08001479   Thumb Code    22  stm32f1xx_hal_rcc.o(i.HAL_RCC_GetPCLK1Freq)
    HAL_RCC_GetPCLK2Freq                     0x08001499   Thumb Code    22  stm32f1xx_hal_rcc.o(i.HAL_RCC_GetPCLK2Freq)
    HAL_RCC_GetSysClockFreq                  0x080014b9   Thumb Code   116  stm32f1xx_hal_rcc.o(i.HAL_RCC_GetSysClockFreq)
    HAL_RCC_OscConfig                        0x0800154d   Thumb Code  1114  stm32f1xx_hal_rcc.o(i.HAL_RCC_OscConfig)
    HAL_SYSTICK_Config                       0x080019b1   Thumb Code    52  stm32f1xx_hal_cortex.o(i.HAL_SYSTICK_Config)
    HAL_TIMEx_MasterConfigSynchronization    0x080019e5   Thumb Code   118  stm32f1xx_hal_tim_ex.o(i.HAL_TIMEx_MasterConfigSynchronization)
    HAL_TIM_MspPostInit                      0x08001a69   Thumb Code   174  tim.o(i.HAL_TIM_MspPostInit)
    HAL_TIM_PWM_ConfigChannel                0x08001b29   Thumb Code   252  stm32f1xx_hal_tim.o(i.HAL_TIM_PWM_ConfigChannel)
    HAL_TIM_PWM_Init                         0x08001c25   Thumb Code   102  stm32f1xx_hal_tim.o(i.HAL_TIM_PWM_Init)
    HAL_TIM_PWM_MspInit                      0x08001c8d   Thumb Code    76  tim.o(i.HAL_TIM_PWM_MspInit)
    HAL_TIM_PWM_Start                        0x08001ce1   Thumb Code   198  stm32f1xx_hal_tim.o(i.HAL_TIM_PWM_Start)
    HAL_UARTEx_RxEventCallback               0x08001db5   Thumb Code     2  stm32f1xx_hal_uart.o(i.HAL_UARTEx_RxEventCallback)
    HAL_UART_ErrorCallback                   0x08001db7   Thumb Code     2  stm32f1xx_hal_uart.o(i.HAL_UART_ErrorCallback)
    HAL_UART_IRQHandler                      0x08001db9   Thumb Code   582  stm32f1xx_hal_uart.o(i.HAL_UART_IRQHandler)
    HAL_UART_Init                            0x08002005   Thumb Code   114  stm32f1xx_hal_uart.o(i.HAL_UART_Init)
    HAL_UART_MspInit                         0x08002079   Thumb Code   284  usart.o(i.HAL_UART_MspInit)
    HAL_UART_Receive_IT                      0x080021a9   Thumb Code    66  stm32f1xx_hal_uart.o(i.HAL_UART_Receive_IT)
    HAL_UART_RxCpltCallback                  0x080021ed   Thumb Code    96  usart.o(i.HAL_UART_RxCpltCallback)
    HAL_UART_Transmit                        0x0800226d   Thumb Code   210  stm32f1xx_hal_uart.o(i.HAL_UART_Transmit)
    HAL_UART_TxCpltCallback                  0x0800233f   Thumb Code     2  stm32f1xx_hal_uart.o(i.HAL_UART_TxCpltCallback)
    HardFault_Handler                        0x08002341   Thumb Code     4  stm32f1xx_it.o(i.HardFault_Handler)
    IIC_Start                                0x08002345   Thumb Code    46  oled.o(i.IIC_Start)
    IIC_Stop                                 0x08002379   Thumb Code    36  oled.o(i.IIC_Stop)
    IIC_Wait_Ack                             0x080023a1   Thumb Code    24  oled.o(i.IIC_Wait_Ack)
    MQTT_DeleteBuffer                        0x080023bd   Thumb Code    28  mqtt.o(i.MQTT_DeleteBuffer)
    MQTT_DumpLength                          0x080023d9   Thumb Code    46  mqtt.o(i.MQTT_DumpLength)
    MQTT_NewBuffer                           0x08002407   Thumb Code    88  mqtt.o(i.MQTT_NewBuffer)
    MQTT_PacketCmdResp                       0x08002461   Thumb Code   132  mqtt.o(i.MQTT_PacketCmdResp)
    MQTT_PacketConnect                       0x080024ed   Thumb Code   666  mqtt.o(i.MQTT_PacketConnect)
    MQTT_PacketPublish                       0x0800278d   Thumb Code   440  mqtt.o(i.MQTT_PacketPublish)
    MQTT_PacketSaveData                      0x08002945   Thumb Code    88  mqtt.o(i.MQTT_PacketSaveData)
    MQTT_ReadLength                          0x080029a1   Thumb Code    70  mqtt.o(i.MQTT_ReadLength)
    MQTT_UnPacketCmd                         0x080029e7   Thumb Code   140  mqtt.o(i.MQTT_UnPacketCmd)
    MQTT_UnPacketConnectAck                  0x08002a73   Thumb Code    30  mqtt.o(i.MQTT_UnPacketConnectAck)
    MQTT_UnPacketPublishAck                  0x08002a91   Thumb Code    30  mqtt.o(i.MQTT_UnPacketPublishAck)
    MQTT_UnPacketRecv                        0x08002ab1   Thumb Code   106  mqtt.o(i.MQTT_UnPacketRecv)
    MX_GPIO_Init                             0x08002b25   Thumb Code   136  gpio.o(i.MX_GPIO_Init)
    MX_TIM2_Init                             0x08002bb5   Thumb Code   164  tim.o(i.MX_TIM2_Init)
    MX_TIM3_Init                             0x08002c5d   Thumb Code   162  tim.o(i.MX_TIM3_Init)
    MX_USART1_UART_Init                      0x08002d09   Thumb Code    56  usart.o(i.MX_USART1_UART_Init)
    MX_USART3_UART_Init                      0x08002d4d   Thumb Code    46  usart.o(i.MX_USART3_UART_Init)
    MemManage_Handler                        0x08002d85   Thumb Code     4  stm32f1xx_it.o(i.MemManage_Handler)
    NMI_Handler                              0x08002d89   Thumb Code     4  stm32f1xx_it.o(i.NMI_Handler)
    OLED_Clear                               0x08002d8d   Thumb Code    62  oled.o(i.OLED_Clear)
    OLED_Init                                0x08002dcd   Thumb Code   292  oled.o(i.OLED_Init)
    OLED_Part_Clear                          0x08002efd   Thumb Code    54  oled.o(i.OLED_Part_Clear)
    OLED_Set_Pos                             0x08002f33   Thumb Code    40  oled.o(i.OLED_Set_Pos)
    OLED_ShowCHinese                         0x08002f5d   Thumb Code    98  oled.o(i.OLED_ShowCHinese)
    OLED_WR_Byte                             0x08002fc5   Thumb Code    24  oled.o(i.OLED_WR_Byte)
    OneNet_DevLink                           0x08002fdd   Thumb Code   126  onenet.o(i.OneNet_DevLink)
    OneNet_FillBuf                           0x08003079   Thumb Code    62  onenet.o(i.OneNet_FillBuf)
    OneNet_RevPro                            0x080030d1   Thumb Code   210  onenet.o(i.OneNet_RevPro)
    OneNet_SendData                          0x080031a5   Thumb Code    98  onenet.o(i.OneNet_SendData)
    PendSV_Handler                           0x08003215   Thumb Code     2  stm32f1xx_it.o(i.PendSV_Handler)
    SVC_Handler                              0x08003241   Thumb Code     2  stm32f1xx_it.o(i.SVC_Handler)
    SysTick_Handler                          0x08003243   Thumb Code     8  stm32f1xx_it.o(i.SysTick_Handler)
    SystemClock_Config                       0x0800324b   Thumb Code   102  main.o(i.SystemClock_Config)
    SystemInit                               0x080032b1   Thumb Code     2  system_stm32f1xx.o(i.SystemInit)
    TIM_Base_SetConfig                       0x080032b5   Thumb Code   104  stm32f1xx_hal_tim.o(i.TIM_Base_SetConfig)
    TIM_CCxChannelCmd                        0x08003329   Thumb Code    34  stm32f1xx_hal_tim.o(i.TIM_CCxChannelCmd)
    TIM_OC2_SetConfig                        0x080033ad   Thumb Code   100  stm32f1xx_hal_tim.o(i.TIM_OC2_SetConfig)
    UART_Start_Receive_IT                    0x08003711   Thumb Code    70  stm32f1xx_hal_uart.o(i.UART_Start_Receive_IT)
    USART1_IRQHandler                        0x08003825   Thumb Code    10  usart.o(i.USART1_IRQHandler)
    USART3_IRQHandler                        0x08003835   Thumb Code    10  stm32f1xx_it.o(i.USART3_IRQHandler)
    UsageFault_Handler                       0x08003845   Thumb Code     4  stm32f1xx_it.o(i.UsageFault_Handler)
    Usart_SendString                         0x08003849   Thumb Code    42  usart.o(i.Usart_SendString)
    Write_IIC_Byte                           0x08003875   Thumb Code    92  oled.o(i.Write_IIC_Byte)
    Write_IIC_Command                        0x080038d5   Thumb Code    44  oled.o(i.Write_IIC_Command)
    Write_IIC_Data                           0x08003901   Thumb Code    44  oled.o(i.Write_IIC_Data)
    __0sprintf                               0x0800392d   Thumb Code    34  printfa.o(i.__0sprintf)
    __1sprintf                               0x0800392d   Thumb Code     0  printfa.o(i.__0sprintf)
    __2sprintf                               0x0800392d   Thumb Code     0  printfa.o(i.__0sprintf)
    __c89sprintf                             0x0800392d   Thumb Code     0  printfa.o(i.__0sprintf)
    sprintf                                  0x0800392d   Thumb Code     0  printfa.o(i.__0sprintf)
    __aeabi_errno_addr                       0x0800398d   Thumb Code     4  errno.o(i.__aeabi_errno_addr)
    __rt_errno_addr                          0x0800398d   Thumb Code     0  errno.o(i.__aeabi_errno_addr)
    __scatterload_copy                       0x08003995   Thumb Code    14  handlers.o(i.__scatterload_copy)
    __scatterload_null                       0x080039a3   Thumb Code     2  handlers.o(i.__scatterload_null)
    __scatterload_zeroinit                   0x080039a5   Thumb Code    14  handlers.o(i.__scatterload_zeroinit)
    blue_task                                0x08004271   Thumb Code   124  servo.o(i.blue_task)
    coordinate_transformation                0x080042f5   Thumb Code    68  openmv.o(i.coordinate_transformation)
    delay_ms                                 0x08004351   Thumb Code    32  servo.o(i.delay_ms)
    delay_us                                 0x08004371   Thumb Code    40  servo.o(i.delay_us)
    free                                     0x08004399   Thumb Code    76  malloc.o(i.free)
    main                                     0x080043e9   Thumb Code   302  main.o(i.main)
    malloc                                   0x08004539   Thumb Code    92  malloc.o(i.malloc)
    openmv_receive_data                      0x080045a5   Thumb Code   272  openmv.o(i.openmv_receive_data)
    pwm_out                                  0x080046cd   Thumb Code   228  servo.o(i.pwm_out)
    pwm_start                                0x080047d1   Thumb Code    52  servo.o(i.pwm_start)
    servo_back                               0x0800480d   Thumb Code   680  servo.o(i.servo_back)
    servo_catch                              0x08004acd   Thumb Code   682  servo.o(i.servo_catch)
    servo_drop                               0x08004d8d   Thumb Code   278  servo.o(i.servo_drop)
    servo_fangzhi_blue                       0x08004eb9   Thumb Code   616  servo.o(i.servo_fangzhi_blue)
    servo_fangzhi_yellow                     0x08005135   Thumb Code   616  servo.o(i.servo_fangzhi_yellow)
    servo_reset_begin                        0x080053b1   Thumb Code    92  servo.o(i.servo_reset_begin)
    translate_angle_to_pulse                 0x08005429   Thumb Code   332  servo.o(i.translate_angle_to_pulse)
    yellow_task                              0x08005599   Thumb Code   134  servo.o(i.yellow_task)
    AHBPrescTable                            0x08005628   Data          16  system_stm32f1xx.o(.constdata)
    APBPrescTable                            0x08005638   Data           8  system_stm32f1xx.o(.constdata)
    __ctype_table                            0x08005640   Data         129  ctype_o.o(.constdata)
    Region$$Table$$Base                      0x080056c8   Number         0  anon$$obj.o(Region$$Table)
    Region$$Table$$Limit                     0x080056e8   Number         0  anon$$obj.o(Region$$Table)
    p1                                       0x20000000   Data           8  servo.o(.data)
    p2                                       0x20000008   Data           8  servo.o(.data)
    p3                                       0x20000010   Data           8  servo.o(.data)
    p4                                       0x20000018   Data           8  servo.o(.data)
    b1                                       0x20000020   Data           4  servo.o(.data)
    b2                                       0x20000024   Data           4  servo.o(.data)
    b3                                       0x20000028   Data           4  servo.o(.data)
    b4                                       0x2000002c   Data           4  servo.o(.data)
    b5                                       0x20000030   Data           4  servo.o(.data)
    b6                                       0x20000034   Data           4  servo.o(.data)
    a1                                       0x20000038   Data           8  servo.o(.data)
    a2                                       0x20000040   Data           8  servo.o(.data)
    a3                                       0x20000048   Data           8  servo.o(.data)
    a4                                       0x20000050   Data           8  servo.o(.data)
    a5                                       0x20000058   Data           8  servo.o(.data)
    a6                                       0x20000060   Data           8  servo.o(.data)
    abs_angle_error_1                        0x20000068   Data           8  servo.o(.data)
    abs_angle_error_2                        0x20000070   Data           8  servo.o(.data)
    abs_angle_error_3                        0x20000078   Data           8  servo.o(.data)
    abs_angle_error_4                        0x20000080   Data           8  servo.o(.data)
    abs_angle_error_5                        0x20000088   Data           8  servo.o(.data)
    abs_angle_error_6                        0x20000090   Data           8  servo.o(.data)
    angle_1                                  0x20000098   Data           8  main.o(.data)
    angle_2                                  0x200000a0   Data           8  main.o(.data)
    angle_3                                  0x200000a8   Data           8  main.o(.data)
    angle_4                                  0x200000b0   Data           8  main.o(.data)
    angle_5                                  0x200000b8   Data           8  main.o(.data)
    angle_6                                  0x200000c0   Data           8  main.o(.data)
    now_angle_1                              0x200000c8   Data           8  main.o(.data)
    now_angle_2                              0x200000d0   Data           8  main.o(.data)
    now_angle_3                              0x200000d8   Data           8  main.o(.data)
    now_angle_4                              0x200000e0   Data           8  main.o(.data)
    now_angle_5                              0x200000e8   Data           8  main.o(.data)
    now_angle_6                              0x200000f0   Data           8  main.o(.data)
    target_angle_1                           0x200000f8   Data           8  main.o(.data)
    target_angle_2                           0x20000100   Data           8  main.o(.data)
    target_angle_3                           0x20000108   Data           8  main.o(.data)
    target_angle_4                           0x20000110   Data           8  main.o(.data)
    target_angle_5                           0x20000118   Data           8  main.o(.data)
    target_angle_6                           0x20000120   Data           8  main.o(.data)
    pulse_1                                  0x20000128   Data           8  main.o(.data)
    pulse_2                                  0x20000130   Data           8  main.o(.data)
    pulse_3                                  0x20000138   Data           8  main.o(.data)
    pulse_4                                  0x20000140   Data           8  main.o(.data)
    pulse_5                                  0x20000148   Data           8  main.o(.data)
    pulse_6                                  0x20000150   Data           8  main.o(.data)
    theta_1                                  0x20000158   Data           8  main.o(.data)
    theta_2                                  0x20000160   Data           8  main.o(.data)
    theta_3                                  0x20000168   Data           8  main.o(.data)
    theta_4                                  0x20000170   Data           8  main.o(.data)
    pi                                       0x20000178   Data           8  main.o(.data)
    timeCount                                0x20000180   Data           2  main.o(.data)
    dataPtr                                  0x20000184   Data           4  main.o(.data)
    USART3_RXbuff                            0x20000188   Data           1  usart.o(.data)
    USART_RX_STA                             0x2000018a   Data           2  usart.o(.data)
    aRxBuffer                                0x2000018c   Data           1  usart.o(.data)
    center_x                                 0x20000190   Data           1  openmv.o(.data)
    center_y                                 0x20000191   Data           1  openmv.o(.data)
    color_type                               0x20000192   Data           1  openmv.o(.data)
    center_x_cm                              0x20000198   Data           8  openmv.o(.data)
    center_y_cm                              0x200001a0   Data           8  openmv.o(.data)
    Hzk                                      0x200001aa   Data        1536  oled.o(.data)
    ESP01S_cnt                               0x200007aa   Data           2  esp01s.o(.data)
    ESP01S_cntPre                            0x200007ac   Data           2  esp01s.o(.data)
    counters                                 0x200007b0   Data           4  onenet.o(.data)
    uwTick                                   0x200007b4   Data           4  stm32f1xx_hal.o(.data)
    uwTickPrio                               0x200007b8   Data           4  stm32f1xx_hal.o(.data)
    uwTickFreq                               0x200007bc   Data           1  stm32f1xx_hal.o(.data)
    SystemCoreClock                          0x200007c0   Data           4  system_stm32f1xx.o(.data)
    __microlib_freelist                      0x200007c4   Data           4  mvars.o(.data)
    __microlib_freelist_initialised          0x200007c8   Data           4  mvars.o(.data)
    htim2                                    0x200007d0   Data          72  tim.o(.bss)
    htim3                                    0x20000818   Data          72  tim.o(.bss)
    huart1                                   0x20000860   Data          68  usart.o(.bss)
    huart3                                   0x200008a4   Data          68  usart.o(.bss)
    USART_RX_BUF                             0x200008e8   Data         200  usart.o(.bss)
    ESP01S_buf                               0x200009c4   Data         128  esp01s.o(.bss)
    __heap_base                              0x20000a48   Data           0  startup_stm32f103xb.o(HEAP)
    __heap_limit                             0x20000c48   Data           0  startup_stm32f103xb.o(HEAP)
    __initial_sp                             0x20001048   Data           0  startup_stm32f103xb.o(STACK)



==============================================================================

Memory Map of the image

  Image Entry point : 0x080000ed

  Load Region LR_IROM1 (Base: 0x08000000, Size: 0x00005eb8, Max: 0x00010000, ABSOLUTE, COMPRESSED[0x00005994])

    Execution Region ER_IROM1 (Exec base: 0x08000000, Load base: 0x08000000, Size: 0x000056e8, Max: 0x00010000, ABSOLUTE)

    Exec Addr    Load Addr    Size         Type   Attr      Idx    E Section Name        Object

    0x08000000   0x08000000   0x000000ec   Data   RO            3    RESET               startup_stm32f103xb.o
    0x080000ec   0x080000ec   0x00000000   Code   RO         3575  * .ARM.Collect$$$$00000000  mc_w.l(entry.o)
    0x080000ec   0x080000ec   0x00000004   Code   RO         3951    .ARM.Collect$$$$00000001  mc_w.l(entry2.o)
    0x080000f0   0x080000f0   0x00000004   Code   RO         3954    .ARM.Collect$$$$00000004  mc_w.l(entry5.o)
    0x080000f4   0x080000f4   0x00000000   Code   RO         3956    .ARM.Collect$$$$00000008  mc_w.l(entry7b.o)
    0x080000f4   0x080000f4   0x00000000   Code   RO         3958    .ARM.Collect$$$$0000000A  mc_w.l(entry8b.o)
    0x080000f4   0x080000f4   0x00000008   Code   RO         3959    .ARM.Collect$$$$0000000B  mc_w.l(entry9a.o)
    0x080000fc   0x080000fc   0x00000000   Code   RO         3961    .ARM.Collect$$$$0000000D  mc_w.l(entry10a.o)
    0x080000fc   0x080000fc   0x00000000   Code   RO         3963    .ARM.Collect$$$$0000000F  mc_w.l(entry11a.o)
    0x080000fc   0x080000fc   0x00000004   Code   RO         3952    .ARM.Collect$$$$00002712  mc_w.l(entry2.o)
    0x08000100   0x08000100   0x00000024   Code   RO            4    .text               startup_stm32f103xb.o
    0x08000124   0x08000124   0x00000020   Code   RO         3578    .text               mc_w.l(llushr.o)
    0x08000144   0x08000144   0x00000024   Code   RO         3580    .text               mc_w.l(memcpya.o)
    0x08000168   0x08000168   0x00000024   Code   RO         3582    .text               mc_w.l(memseta.o)
    0x0800018c   0x0800018c   0x00000018   Code   RO         3584    .text               mc_w.l(strcat.o)
    0x080001a4   0x080001a4   0x00000024   Code   RO         3586    .text               mc_w.l(strstr.o)
    0x080001c8   0x080001c8   0x00000014   Code   RO         3588    .text               mc_w.l(strchr.o)
    0x080001dc   0x080001dc   0x0000000e   Code   RO         3590    .text               mc_w.l(strlen.o)
    0x080001ea   0x080001ea   0x00000028   Code   RO         3592    .text               mc_w.l(strncat.o)
    0x08000212   0x08000212   0x00000012   Code   RO         3594    .text               mc_w.l(strcpy.o)
    0x08000224   0x08000224   0x0000001a   Code   RO         3887    .text               mc_w.l(atoi.o)
    0x0800023e   0x0800023e   0x0000014e   Code   RO         3895    .text               mf_w.l(dadd.o)
    0x0800038c   0x0800038c   0x000000e4   Code   RO         3897    .text               mf_w.l(dmul.o)
    0x08000470   0x08000470   0x000000de   Code   RO         3899    .text               mf_w.l(ddiv.o)
    0x0800054e   0x0800054e   0x00000022   Code   RO         3901    .text               mf_w.l(dflti.o)
    0x08000570   0x08000570   0x0000003e   Code   RO         3903    .text               mf_w.l(dfixi.o)
    0x080005ae   0x080005ae   0x00000032   Code   RO         3905    .text               mf_w.l(dfixui.o)
    0x080005e0   0x080005e0   0x00000030   Code   RO         3909    .text               mf_w.l(cdcmple.o)
    0x08000610   0x08000610   0x00000030   Code   RO         3911    .text               mf_w.l(cdrcmple.o)
    0x08000640   0x08000640   0x0000002c   Code   RO         3968    .text               mc_w.l(uidiv.o)
    0x0800066c   0x0800066c   0x00000062   Code   RO         3970    .text               mc_w.l(uldiv.o)
    0x080006ce   0x080006ce   0x0000001e   Code   RO         3972    .text               mc_w.l(llshl.o)
    0x080006ec   0x080006ec   0x00000024   Code   RO         3974    .text               mc_w.l(llsshr.o)
    0x08000710   0x08000710   0x00000070   Code   RO         3985    .text               mc_w.l(strtol.o)
    0x08000780   0x08000780   0x00000000   Code   RO         3987    .text               mc_w.l(iusefp.o)
    0x08000780   0x08000780   0x000000ba   Code   RO         3990    .text               mf_w.l(depilogue.o)
    0x0800083a   0x0800083a   0x00000030   Code   RO         3996    .text               mf_w.l(dfixul.o)
    0x0800086a   0x0800086a   0x00000002   PAD
    0x0800086c   0x0800086c   0x00000024   Code   RO         3998    .text               mc_w.l(init.o)
    0x08000890   0x08000890   0x00000008   Code   RO         4001    .text               mc_w.l(ctype_o.o)
    0x08000898   0x08000898   0x0000009e   Code   RO         4029    .text               mc_w.l(_strtoul.o)
    0x08000936   0x08000936   0x0000001c   Code   RO         4034    .text               mc_w.l(_chval.o)
    0x08000952   0x08000952   0x0000005e   Code   RO         4044    .text               mc_w.l(__dclz77c.o)
    0x080009b0   0x080009b0   0x00000004   Code   RO          511    i.BusFault_Handler  stm32f1xx_it.o
    0x080009b4   0x080009b4   0x00000002   Code   RO          512    i.DebugMon_Handler  stm32f1xx_it.o
    0x080009b6   0x080009b6   0x00000002   PAD
    0x080009b8   0x080009b8   0x0000001c   Code   RO          820    i.ESP01S_Clear      esp01s.o
    0x080009d4   0x080009d4   0x00000050   Code   RO          821    i.ESP01S_GetIPD     esp01s.o
    0x08000a24   0x08000a24   0x00000120   Code   RO          822    i.ESP01S_Init       esp01s.o
    0x08000b44   0x08000b44   0x000000b4   Code   RO          823    i.ESP01S_SendCmd    esp01s.o
    0x08000bf8   0x08000bf8   0x000000a4   Code   RO          824    i.ESP01S_SendData   esp01s.o
    0x08000c9c   0x08000c9c   0x00000034   Code   RO          825    i.ESP01S_WaitRecive  esp01s.o
    0x08000cd0   0x08000cd0   0x00000006   Code   RO          292    i.Error_Handler     main.o
    0x08000cd6   0x08000cd6   0x00000056   Code   RO         2518    i.HAL_DMA_Abort     stm32f1xx_hal_dma.o
    0x08000d2c   0x08000d2c   0x000000b0   Code   RO         2519    i.HAL_DMA_Abort_IT  stm32f1xx_hal_dma.o
    0x08000ddc   0x08000ddc   0x00000028   Code   RO         2141    i.HAL_Delay         stm32f1xx_hal.o
    0x08000e04   0x08000e04   0x00000320   Code   RO         2454    i.HAL_GPIO_Init     stm32f1xx_hal_gpio.o
    0x08001124   0x08001124   0x0000000c   Code   RO         2458    i.HAL_GPIO_WritePin  stm32f1xx_hal_gpio.o
    0x08001130   0x08001130   0x0000000c   Code   RO         2145    i.HAL_GetTick       stm32f1xx_hal.o
    0x0800113c   0x0800113c   0x00000018   Code   RO         2151    i.HAL_IncTick       stm32f1xx_hal.o
    0x08001154   0x08001154   0x00000028   Code   RO         2152    i.HAL_Init          stm32f1xx_hal.o
    0x0800117c   0x0800117c   0x0000004c   Code   RO         2153    i.HAL_InitTick      stm32f1xx_hal.o
    0x080011c8   0x080011c8   0x00000054   Code   RO          593    i.HAL_MspInit       stm32f1xx_hal_msp.o
    0x0800121c   0x0800121c   0x00000020   Code   RO         2614    i.HAL_NVIC_EnableIRQ  stm32f1xx_hal_cortex.o
    0x0800123c   0x0800123c   0x0000007c   Code   RO         2620    i.HAL_NVIC_SetPriority  stm32f1xx_hal_cortex.o
    0x080012b8   0x080012b8   0x00000028   Code   RO         2621    i.HAL_NVIC_SetPriorityGrouping  stm32f1xx_hal_cortex.o
    0x080012e0   0x080012e0   0x0000018c   Code   RO         2309    i.HAL_RCC_ClockConfig  stm32f1xx_hal_rcc.o
    0x0800146c   0x0800146c   0x0000000c   Code   RO         2314    i.HAL_RCC_GetHCLKFreq  stm32f1xx_hal_rcc.o
    0x08001478   0x08001478   0x00000020   Code   RO         2316    i.HAL_RCC_GetPCLK1Freq  stm32f1xx_hal_rcc.o
    0x08001498   0x08001498   0x00000020   Code   RO         2317    i.HAL_RCC_GetPCLK2Freq  stm32f1xx_hal_rcc.o
    0x080014b8   0x080014b8   0x00000094   Code   RO         2318    i.HAL_RCC_GetSysClockFreq  stm32f1xx_hal_rcc.o
    0x0800154c   0x0800154c   0x00000464   Code   RO         2321    i.HAL_RCC_OscConfig  stm32f1xx_hal_rcc.o
    0x080019b0   0x080019b0   0x00000034   Code   RO         2625    i.HAL_SYSTICK_Config  stm32f1xx_hal_cortex.o
    0x080019e4   0x080019e4   0x00000084   Code   RO         1886    i.HAL_TIMEx_MasterConfigSynchronization  stm32f1xx_hal_tim_ex.o
    0x08001a68   0x08001a68   0x000000c0   Code   RO          380    i.HAL_TIM_MspPostInit  tim.o
    0x08001b28   0x08001b28   0x000000fc   Code   RO         1224    i.HAL_TIM_PWM_ConfigChannel  stm32f1xx_hal_tim.o
    0x08001c24   0x08001c24   0x00000066   Code   RO         1227    i.HAL_TIM_PWM_Init  stm32f1xx_hal_tim.o
    0x08001c8a   0x08001c8a   0x00000002   PAD
    0x08001c8c   0x08001c8c   0x00000054   Code   RO          382    i.HAL_TIM_PWM_MspInit  tim.o
    0x08001ce0   0x08001ce0   0x000000d4   Code   RO         1232    i.HAL_TIM_PWM_Start  stm32f1xx_hal_tim.o
    0x08001db4   0x08001db4   0x00000002   Code   RO         3151    i.HAL_UARTEx_RxEventCallback  stm32f1xx_hal_uart.o
    0x08001db6   0x08001db6   0x00000002   Code   RO         3165    i.HAL_UART_ErrorCallback  stm32f1xx_hal_uart.o
    0x08001db8   0x08001db8   0x0000024c   Code   RO         3168    i.HAL_UART_IRQHandler  stm32f1xx_hal_uart.o
    0x08002004   0x08002004   0x00000072   Code   RO         3169    i.HAL_UART_Init     stm32f1xx_hal_uart.o
    0x08002076   0x08002076   0x00000002   PAD
    0x08002078   0x08002078   0x00000130   Code   RO          435    i.HAL_UART_MspInit  usart.o
    0x080021a8   0x080021a8   0x00000042   Code   RO         3174    i.HAL_UART_Receive_IT  stm32f1xx_hal_uart.o
    0x080021ea   0x080021ea   0x00000002   PAD
    0x080021ec   0x080021ec   0x00000080   Code   RO          436    i.HAL_UART_RxCpltCallback  usart.o
    0x0800226c   0x0800226c   0x000000d2   Code   RO         3177    i.HAL_UART_Transmit  stm32f1xx_hal_uart.o
    0x0800233e   0x0800233e   0x00000002   Code   RO         3180    i.HAL_UART_TxCpltCallback  stm32f1xx_hal_uart.o
    0x08002340   0x08002340   0x00000004   Code   RO          513    i.HardFault_Handler  stm32f1xx_it.o
    0x08002344   0x08002344   0x00000034   Code   RO          653    i.IIC_Start         oled.o
    0x08002378   0x08002378   0x00000028   Code   RO          654    i.IIC_Stop          oled.o
    0x080023a0   0x080023a0   0x0000001c   Code   RO          655    i.IIC_Wait_Ack      oled.o
    0x080023bc   0x080023bc   0x0000001c   Code   RO          933    i.MQTT_DeleteBuffer  mqtt.o
    0x080023d8   0x080023d8   0x0000002e   Code   RO          934    i.MQTT_DumpLength   mqtt.o
    0x08002406   0x08002406   0x00000058   Code   RO          935    i.MQTT_NewBuffer    mqtt.o
    0x0800245e   0x0800245e   0x00000002   PAD
    0x08002460   0x08002460   0x0000008c   Code   RO          936    i.MQTT_PacketCmdResp  mqtt.o
    0x080024ec   0x080024ec   0x000002a0   Code   RO          937    i.MQTT_PacketConnect  mqtt.o
    0x0800278c   0x0800278c   0x000001b8   Code   RO          940    i.MQTT_PacketPublish  mqtt.o
    0x08002944   0x08002944   0x0000005c   Code   RO          946    i.MQTT_PacketSaveData  mqtt.o
    0x080029a0   0x080029a0   0x00000046   Code   RO          949    i.MQTT_ReadLength   mqtt.o
    0x080029e6   0x080029e6   0x0000008c   Code   RO          950    i.MQTT_UnPacketCmd  mqtt.o
    0x08002a72   0x08002a72   0x0000001e   Code   RO          951    i.MQTT_UnPacketConnectAck  mqtt.o
    0x08002a90   0x08002a90   0x0000001e   Code   RO          953    i.MQTT_UnPacketPublishAck  mqtt.o
    0x08002aae   0x08002aae   0x00000002   PAD
    0x08002ab0   0x08002ab0   0x00000074   Code   RO          957    i.MQTT_UnPacketRecv  mqtt.o
    0x08002b24   0x08002b24   0x00000090   Code   RO          356    i.MX_GPIO_Init      gpio.o
    0x08002bb4   0x08002bb4   0x000000a8   Code   RO          383    i.MX_TIM2_Init      tim.o
    0x08002c5c   0x08002c5c   0x000000ac   Code   RO          384    i.MX_TIM3_Init      tim.o
    0x08002d08   0x08002d08   0x00000044   Code   RO          437    i.MX_USART1_UART_Init  usart.o
    0x08002d4c   0x08002d4c   0x00000038   Code   RO          438    i.MX_USART3_UART_Init  usart.o
    0x08002d84   0x08002d84   0x00000004   Code   RO          514    i.MemManage_Handler  stm32f1xx_it.o
    0x08002d88   0x08002d88   0x00000004   Code   RO          515    i.NMI_Handler       stm32f1xx_it.o
    0x08002d8c   0x08002d8c   0x0000003e   Code   RO          656    i.OLED_Clear        oled.o
    0x08002dca   0x08002dca   0x00000002   PAD
    0x08002dcc   0x08002dcc   0x00000130   Code   RO          660    i.OLED_Init         oled.o
    0x08002efc   0x08002efc   0x00000036   Code   RO          662    i.OLED_Part_Clear   oled.o
    0x08002f32   0x08002f32   0x00000028   Code   RO          663    i.OLED_Set_Pos      oled.o
    0x08002f5a   0x08002f5a   0x00000002   PAD
    0x08002f5c   0x08002f5c   0x00000068   Code   RO          664    i.OLED_ShowCHinese  oled.o
    0x08002fc4   0x08002fc4   0x00000018   Code   RO          668    i.OLED_WR_Byte      oled.o
    0x08002fdc   0x08002fdc   0x0000009c   Code   RO          881    i.OneNet_DevLink    onenet.o
    0x08003078   0x08003078   0x00000058   Code   RO          882    i.OneNet_FillBuf    onenet.o
    0x080030d0   0x080030d0   0x000000d2   Code   RO          883    i.OneNet_RevPro     onenet.o
    0x080031a2   0x080031a2   0x00000002   PAD
    0x080031a4   0x080031a4   0x00000070   Code   RO          884    i.OneNet_SendData   onenet.o
    0x08003214   0x08003214   0x00000002   Code   RO          516    i.PendSV_Handler    stm32f1xx_it.o
    0x08003216   0x08003216   0x00000002   PAD
    0x08003218   0x08003218   0x00000028   Code   RO         2322    i.RCC_Delay         stm32f1xx_hal_rcc.o
    0x08003240   0x08003240   0x00000002   Code   RO          517    i.SVC_Handler       stm32f1xx_it.o
    0x08003242   0x08003242   0x00000008   Code   RO          518    i.SysTick_Handler   stm32f1xx_it.o
    0x0800324a   0x0800324a   0x00000066   Code   RO          293    i.SystemClock_Config  main.o
    0x080032b0   0x080032b0   0x00000002   Code   RO         3508    i.SystemInit        system_stm32f1xx.o
    0x080032b2   0x080032b2   0x00000002   PAD
    0x080032b4   0x080032b4   0x00000074   Code   RO         1245    i.TIM_Base_SetConfig  stm32f1xx_hal_tim.o
    0x08003328   0x08003328   0x00000022   Code   RO         1246    i.TIM_CCxChannelCmd  stm32f1xx_hal_tim.o
    0x0800334a   0x0800334a   0x00000002   PAD
    0x0800334c   0x0800334c   0x00000060   Code   RO         1258    i.TIM_OC1_SetConfig  stm32f1xx_hal_tim.o
    0x080033ac   0x080033ac   0x00000068   Code   RO         1259    i.TIM_OC2_SetConfig  stm32f1xx_hal_tim.o
    0x08003414   0x08003414   0x00000068   Code   RO         1260    i.TIM_OC3_SetConfig  stm32f1xx_hal_tim.o
    0x0800347c   0x0800347c   0x00000048   Code   RO         1261    i.TIM_OC4_SetConfig  stm32f1xx_hal_tim.o
    0x080034c4   0x080034c4   0x00000014   Code   RO         3182    i.UART_DMAAbortOnError  stm32f1xx_hal_uart.o
    0x080034d8   0x080034d8   0x00000036   Code   RO         3192    i.UART_EndRxTransfer  stm32f1xx_hal_uart.o
    0x0800350e   0x0800350e   0x00000020   Code   RO         3193    i.UART_EndTransmit_IT  stm32f1xx_hal_uart.o
    0x0800352e   0x0800352e   0x000000e4   Code   RO         3195    i.UART_Receive_IT   stm32f1xx_hal_uart.o
    0x08003612   0x08003612   0x00000002   PAD
    0x08003614   0x08003614   0x000000fc   Code   RO         3196    i.UART_SetConfig    stm32f1xx_hal_uart.o
    0x08003710   0x08003710   0x00000046   Code   RO         3198    i.UART_Start_Receive_IT  stm32f1xx_hal_uart.o
    0x08003756   0x08003756   0x00000060   Code   RO         3199    i.UART_Transmit_IT  stm32f1xx_hal_uart.o
    0x080037b6   0x080037b6   0x0000006c   Code   RO         3200    i.UART_WaitOnFlagUntilTimeout  stm32f1xx_hal_uart.o
    0x08003822   0x08003822   0x00000002   PAD
    0x08003824   0x08003824   0x00000010   Code   RO          439    i.USART1_IRQHandler  usart.o
    0x08003834   0x08003834   0x00000010   Code   RO          519    i.USART3_IRQHandler  stm32f1xx_it.o
    0x08003844   0x08003844   0x00000004   Code   RO          520    i.UsageFault_Handler  stm32f1xx_it.o
    0x08003848   0x08003848   0x0000002a   Code   RO          441    i.Usart_SendString  usart.o
    0x08003872   0x08003872   0x00000002   PAD
    0x08003874   0x08003874   0x00000060   Code   RO          669    i.Write_IIC_Byte    oled.o
    0x080038d4   0x080038d4   0x0000002c   Code   RO          670    i.Write_IIC_Command  oled.o
    0x08003900   0x08003900   0x0000002c   Code   RO          671    i.Write_IIC_Data    oled.o
    0x0800392c   0x0800392c   0x00000028   Code   RO         3833    i.__0sprintf        mc_w.l(printfa.o)
    0x08003954   0x08003954   0x00000010   Code   RO         2627    i.__NVIC_GetPriorityGrouping  stm32f1xx_hal_cortex.o
    0x08003964   0x08003964   0x00000028   Code   RO         2628    i.__NVIC_SetPriority  stm32f1xx_hal_cortex.o
    0x0800398c   0x0800398c   0x00000008   Code   RO         3978    i.__aeabi_errno_addr  mc_w.l(errno.o)
    0x08003994   0x08003994   0x0000000e   Code   RO         4038    i.__scatterload_copy  mc_w.l(handlers.o)
    0x080039a2   0x080039a2   0x00000002   Code   RO         4039    i.__scatterload_null  mc_w.l(handlers.o)
    0x080039a4   0x080039a4   0x0000000e   Code   RO         4040    i.__scatterload_zeroinit  mc_w.l(handlers.o)
    0x080039b2   0x080039b2   0x00000002   PAD
    0x080039b4   0x080039b4   0x00000184   Code   RO         3838    i._fp_digits        mc_w.l(printfa.o)
    0x08003b38   0x08003b38   0x000006dc   Code   RO         3839    i._printf_core      mc_w.l(printfa.o)
    0x08004214   0x08004214   0x00000024   Code   RO         3840    i._printf_post_padding  mc_w.l(printfa.o)
    0x08004238   0x08004238   0x0000002e   Code   RO         3841    i._printf_pre_padding  mc_w.l(printfa.o)
    0x08004266   0x08004266   0x0000000a   Code   RO         3843    i._sputc            mc_w.l(printfa.o)
    0x08004270   0x08004270   0x00000084   Code   RO           13    i.blue_task         servo.o
    0x080042f4   0x080042f4   0x0000005c   Code   RO          617    i.coordinate_transformation  openmv.o
    0x08004350   0x08004350   0x00000020   Code   RO           14    i.delay_ms          servo.o
    0x08004370   0x08004370   0x00000028   Code   RO           15    i.delay_us          servo.o
    0x08004398   0x08004398   0x00000050   Code   RO         3859    i.free              mc_w.l(malloc.o)
    0x080043e8   0x080043e8   0x00000150   Code   RO          294    i.main              main.o
    0x08004538   0x08004538   0x0000006c   Code   RO         3860    i.malloc            mc_w.l(malloc.o)
    0x080045a4   0x080045a4   0x00000128   Code   RO          618    i.openmv_receive_data  openmv.o
    0x080046cc   0x080046cc   0x00000104   Code   RO           16    i.pwm_out           servo.o
    0x080047d0   0x080047d0   0x0000003c   Code   RO           17    i.pwm_start         servo.o
    0x0800480c   0x0800480c   0x000002c0   Code   RO           19    i.servo_back        servo.o
    0x08004acc   0x08004acc   0x000002c0   Code   RO           20    i.servo_catch       servo.o
    0x08004d8c   0x08004d8c   0x0000012c   Code   RO           22    i.servo_drop        servo.o
    0x08004eb8   0x08004eb8   0x0000027c   Code   RO           23    i.servo_fangzhi_blue  servo.o
    0x08005134   0x08005134   0x0000027c   Code   RO           24    i.servo_fangzhi_yellow  servo.o
    0x080053b0   0x080053b0   0x00000078   Code   RO           30    i.servo_reset_begin  servo.o
    0x08005428   0x08005428   0x00000170   Code   RO           35    i.translate_angle_to_pulse  servo.o
    0x08005598   0x08005598   0x00000090   Code   RO           36    i.yellow_task       servo.o
    0x08005628   0x08005628   0x00000018   Data   RO         3509    .constdata          system_stm32f1xx.o
    0x08005640   0x08005640   0x00000081   Data   RO         4002    .constdata          mc_w.l(ctype_o.o)
    0x080056c1   0x080056c1   0x00000003   PAD
    0x080056c4   0x080056c4   0x00000004   Data   RO         4003    .constdata          mc_w.l(ctype_o.o)
    0x080056c8   0x080056c8   0x00000020   Data   RO         4036    Region$$Table       anon$$obj.o


    Execution Region RW_IRAM1 (Exec base: 0x20000000, Load base: 0x080056e8, Size: 0x00001048, Max: 0x00005000, ABSOLUTE, COMPRESSED[0x000002ac])

    Exec Addr    Load Addr    Size         Type   Attr      Idx    E Section Name        Object

    0x20000000   COMPRESSED   0x00000098   Data   RW           38    .data               servo.o
    0x20000098   COMPRESSED   0x000000f0   Data   RW          295    .data               main.o
    0x20000188   COMPRESSED   0x00000005   Data   RW          443    .data               usart.o
    0x2000018d   COMPRESSED   0x00000003   PAD
    0x20000190   COMPRESSED   0x0000001a   Data   RW          620    .data               openmv.o
    0x200001aa   COMPRESSED   0x00000600   Data   RW          675    .data               oled.o
    0x200007aa   COMPRESSED   0x00000004   Data   RW          827    .data               esp01s.o
    0x200007ae   COMPRESSED   0x00000002   PAD
    0x200007b0   COMPRESSED   0x00000004   Data   RW          885    .data               onenet.o
    0x200007b4   COMPRESSED   0x00000009   Data   RW         2159    .data               stm32f1xx_hal.o
    0x200007bd   COMPRESSED   0x00000003   PAD
    0x200007c0   COMPRESSED   0x00000004   Data   RW         3510    .data               system_stm32f1xx.o
    0x200007c4   COMPRESSED   0x00000004   Data   RW         3976    .data               mc_w.l(mvars.o)
    0x200007c8   COMPRESSED   0x00000004   Data   RW         3977    .data               mc_w.l(mvars.o)
    0x200007cc   COMPRESSED   0x00000004   Data   RW         3981    .data               mc_w.l(errno.o)
    0x200007d0        -       0x00000090   Zero   RW          385    .bss                tim.o
    0x20000860        -       0x00000150   Zero   RW          442    .bss                usart.o
    0x200009b0        -       0x00000014   Zero   RW          619    .bss                openmv.o
    0x200009c4        -       0x00000080   Zero   RW          826    .bss                esp01s.o
    0x20000a44   COMPRESSED   0x00000004   PAD
    0x20000a48        -       0x00000200   Zero   RW            2    HEAP                startup_stm32f103xb.o
    0x20000c48        -       0x00000400   Zero   RW            1    STACK               startup_stm32f103xb.o


==============================================================================

Image component sizes


      Code (inc. data)   RO Data    RW Data    ZI Data      Debug   Object Name

       792        210          0          4        128       4338   esp01s.o
       144          8          0          0          0        899   gpio.o
       444         34          0        240          0       3097   main.o
      1892         28          0          0          0      11777   mqtt.o
       892         36          0       1536          0       9029   oled.o
       566         76          0          4          0       4547   onenet.o
       388         48          0         26         20       1821   openmv.o
      4136        230          0        152          0     434275   servo.o
        36          8        236          0       1536        800   startup_stm32f103xb.o
       192         36          0          9          0       5885   stm32f1xx_hal.o
       304         22          0          0          0      29415   stm32f1xx_hal_cortex.o
       262          4          0          0          0       1755   stm32f1xx_hal_dma.o
       812         34          0          0          0       2672   stm32f1xx_hal_gpio.o
        84          8          0          0          0        894   stm32f1xx_hal_msp.o
      1784        110          0          0          0       6000   stm32f1xx_hal_rcc.o
      1092         46          0          0          0       6948   stm32f1xx_hal_tim.o
       132         14          0          0          0       1296   stm32f1xx_hal_tim_ex.o
      1844         10          0          0          0      11236   stm32f1xx_hal_uart.o
        50          6          0          0          0       4378   stm32f1xx_it.o
         2          0         24          4          0       1119   system_stm32f1xx.o
       616         40          0          0        144       3088   tim.o
       614         80          0          5        336       4406   usart.o

    ----------------------------------------------------------------------
     17108       1088        292       1988       2168     549675   Object Totals
         0          0         32          0          0          0   (incl. Generated)
        30          0          0          8          4          0   (incl. Padding)

    ----------------------------------------------------------------------

      Code (inc. data)   RO Data    RW Data    ZI Data      Debug   Library Member Name

        94          0          0          0          0          0   __dclz77c.o
        28          0          0          0          0         68   _chval.o
       158          0          0          0          0         92   _strtoul.o
        26          0          0          0          0         80   atoi.o
         8          4        133          0          0         68   ctype_o.o
         0          0          0          0          0          0   entry.o
         0          0          0          0          0          0   entry10a.o
         0          0          0          0          0          0   entry11a.o
         8          4          0          0          0          0   entry2.o
         4          0          0          0          0          0   entry5.o
         0          0          0          0          0          0   entry7b.o
         0          0          0          0          0          0   entry8b.o
         8          4          0          0          0          0   entry9a.o
         8          4          0          4          0         68   errno.o
        30          0          0          0          0          0   handlers.o
        36          8          0          0          0         68   init.o
         0          0          0          0          0          0   iusefp.o
        30          0          0          0          0         68   llshl.o
        36          0          0          0          0         68   llsshr.o
        32          0          0          0          0         68   llushr.o
       188         20          0          0          0        160   malloc.o
        36          0          0          0          0         68   memcpya.o
        36          0          0          0          0        108   memseta.o
         0          0          0          8          0          0   mvars.o
      2276         86          0          0          0        520   printfa.o
        24          0          0          0          0         68   strcat.o
        20          0          0          0          0         68   strchr.o
        18          0          0          0          0         68   strcpy.o
        14          0          0          0          0         68   strlen.o
        40          0          0          0          0         76   strncat.o
        36          0          0          0          0         80   strstr.o
       112          0          0          0          0         88   strtol.o
        44          0          0          0          0         80   uidiv.o
        98          0          0          0          0         92   uldiv.o
        48          0          0          0          0         68   cdcmple.o
        48          0          0          0          0         68   cdrcmple.o
       334          0          0          0          0        148   dadd.o
       222          0          0          0          0        100   ddiv.o
       186          0          0          0          0        176   depilogue.o
        62          0          0          0          0         80   dfixi.o
        50          0          0          0          0         76   dfixui.o
        48          0          0          0          0         68   dfixul.o
        34          0          0          0          0         76   dflti.o
       228          0          0          0          0         96   dmul.o

    ----------------------------------------------------------------------
      4712        130        136         12          0       3148   Library Totals
         4          0          3          0          0          0   (incl. Padding)

    ----------------------------------------------------------------------

      Code (inc. data)   RO Data    RW Data    ZI Data      Debug   Library Name

      3448        130        133         12          0       2192   mc_w.l
      1260          0          0          0          0        956   mf_w.l

    ----------------------------------------------------------------------
      4712        130        136         12          0       3148   Library Totals

    ----------------------------------------------------------------------

==============================================================================


      Code (inc. data)   RO Data    RW Data    ZI Data      Debug   

     21820       1218        428       2000       2168     545203   Grand Totals
     21820       1218        428        684       2168     545203   ELF Image Totals (compressed)
     21820       1218        428        684          0          0   ROM Totals

==============================================================================

    Total RO  Size (Code + RO Data)                22248 (  21.73kB)
    Total RW  Size (RW Data + ZI Data)              4168 (   4.07kB)
    Total ROM Size (Code + RO Data + RW Data)      22932 (  22.39kB)

==============================================================================

